<html>
<body>
<pre>
<h1>礦ision Build Log</h1>
<h2>Tool Versions:</h2>
IDE-Version: μVision V5.24.2.0
Copyright (C) 2017 ARM Ltd and ARM Germany GmbH. All rights reserved.
License Information: 1 dong, 1, LIC=58545-GNC7B-I53TC-7NZ8Y-HXERF-1YUII
 
Tool Versions:
Toolchain:       MDK-ARM Plus  Version: 5.24.1
Toolchain Path:  C:\Keil_v5\ARM\ARMCC\Bin
C Compiler:      Armcc.exe V5.06 update 5 (build 528)
Assembler:       Armasm.exe V5.06 update 5 (build 528)
Linker/Locator:  ArmLink.exe V5.06 update 5 (build 528)
Library Manager: ArmAr.exe V5.06 update 5 (build 528)
Hex Converter:   FromElf.exe V5.06 update 5 (build 528)
CPU DLL:         SARMCM3.DLL V5.24.1
Dialog DLL:      DARMSTM.DLL V1.68.0.0
Target DLL:      Segger\JL2CM3.dll V2.99.26.0
Dialog DLL:      TARMSTM.DLL V1.66.0.0
 
<h2>Project:</h2>
F:\GitHub\dong\work\stm32\测试程序 V6.2\从机程序_0802_单片机   中断3次平均\Project\RVMDK（uv4）\iSO-STM32.uvprojx
Project File Date:  06/10/2018

<h2>Output:</h2>
*** Using Compiler 'V5.06 update 5 (build 528)', folder: 'C:\Keil_v5\ARM\ARMCC\Bin'
Rebuild target '单通道'
assembling startup_stm32f10x_hd.s...
compiling core_cm3.c...
compiling misc.c...
compiling system_stm32f10x.c...
compiling stm32f10x_adc.c...
compiling stm32f10x_can.c...
compiling stm32f10x_bkp.c...
compiling stm32f10x_cec.c...
compiling stm32f10x_crc.c...
compiling stm32f10x_dac.c...
compiling stm32f10x_dbgmcu.c...
compiling stm32f10x_dma.c...
compiling stm32f10x_exti.c...
compiling stm32f10x_flash.c...
compiling stm32f10x_fsmc.c...
compiling stm32f10x_gpio.c...
compiling stm32f10x_i2c.c...
compiling stm32f10x_iwdg.c...
compiling stm32f10x_pwr.c...
compiling stm32f10x_rcc.c...
compiling stm32f10x_spi.c...
compiling stm32f10x_rtc.c...
compiling stm32f10x_sdio.c...
compiling stm32f10x_wwdg.c...
compiling stm32f10x_usart.c...
compiling main.c...
..\..\User\main.c(52): warning:  #177-D: variable "BAT1_ADC_Valm"  was declared but never referenced
  	float BAT1_ADC_Valm=0;
..\..\User\main.c(53): warning:  #177-D: variable "T_dis"  was declared but never referenced
  	int T_dis=0 , U_dis=0, U1=0, U2=0  ;
..\..\User\main.c(53): warning:  #177-D: variable "U_dis"  was declared but never referenced
  	int T_dis=0 , U_dis=0, U1=0, U2=0  ;
..\..\User\main.c(53): warning:  #177-D: variable "U1"  was declared but never referenced
  	int T_dis=0 , U_dis=0, U1=0, U2=0  ;
..\..\User\main.c(53): warning:  #177-D: variable "U2"  was declared but never referenced
  	int T_dis=0 , U_dis=0, U1=0, U2=0  ;
..\..\User\main.c(54): warning:  #177-D: variable "i"  was declared but never referenced
  	int i=0;
..\..\User\main.c: 6 warnings, 0 errors
compiling stm32f10x_tim.c...
compiling bsp_usart1.c...
compiling stm32f10x_it.c...
..\..\User\stm32f10x_it.c(151): warning:  #223-D: function "printf" declared implicitly
  						printf("\r\n  %d \r\n", ADC_ConvertedValue[i]);
..\..\User\stm32f10x_it.c: 1 warning, 0 errors
compiling bsp_adc.c...
..\..\User\adc\bsp_adc.c(146): warning:  #177-D: variable "value1"  was declared but never referenced
  	uint32_t value1 = 0;
..\..\User\adc\bsp_adc.c(238): warning:  #223-D: function "printf" declared implicitly
    printf("%11.3f\r\n",value1);
..\..\User\adc\bsp_adc.c(512): warning:  #550-D: variable "flag2"  was set but never used
  	int flag2=0;
..\..\User\adc\bsp_adc.c(515): warning:  #177-D: variable "BAT1_ADC_Valm"  was declared but never referenced
  	float BAT1_ADC_Valm=0, U1=0, U2=0;
..\..\User\adc\bsp_adc.c(515): warning:  #550-D: variable "U1"  was set but never used
  	float BAT1_ADC_Valm=0, U1=0, U2=0;
..\..\User\adc\bsp_adc.c(515): warning:  #550-D: variable "U2"  was set but never used
  	float BAT1_ADC_Valm=0, U1=0, U2=0;
..\..\User\adc\bsp_adc.c: 6 warnings, 0 errors
compiling bsp_charge.c...
compiling bsp_dac.c...
compiling bsp_led1.c...
compiling bsp_sw.c...
compiling bsp_SysTick.c...
compiling can.c...
compiling bsp_iwdg.c...
linking...
Program Size: Code=15028 RO-data=336 RW-data=132 ZI-data=4700  
FromELF: creating hex file...
"..\..\Output\Template.axf" - 0 Error(s), 13 Warning(s).

<h2>Software Packages used:</h2>

Package Vendor: ARM
                http://www.keil.com/pack/ARM.CMSIS.5.0.1.pack
                ARM.CMSIS.5.0.1
                CMSIS (Cortex Microcontroller Software Interface Standard)
   * Component: CORE Version: 5.0.1

Package Vendor: Keil
                http://www.keil.com/pack/Keil.STM32F1xx_DFP.2.2.0.pack
                Keil.STM32F1xx_DFP.2.2.0
                STMicroelectronics STM32F1 Series Device Support, Drivers and Examples

<h2>Collection of Component include folders:</h2>
  .\RTE\_______
  C:\Keil_v5\ARM\PACK\ARM\CMSIS\5.0.1\CMSIS\Include
  C:\Keil_v5\ARM\PACK\Keil\STM32F1xx_DFP\2.2.0\Device\Include

<h2>Collection of Component Files used:</h2>

   * Component: ARM::CMSIS:CORE:5.0.1
Build Time Elapsed:  00:00:07
</pre>
</body>
</html>
