<html>
<body>
<pre>
<h1>礦ision Build Log</h1>
<h2>Tool Versions:</h2>
IDE-Version: μVision V5.14.0.0
Copyright (C) 2015 ARM Ltd and ARM Germany GmbH. All rights reserved.
License Information: 1 1, 1, LIC=HN0Z9-4IPY6-EHE8P-MKEPE-QW6ZV-1P210
 
Tool Versions:
Toolchain:       MDK-ARM Standard  Version: 5.14.0.0
Toolchain Path:  C:\Keil_v5\ARM\ARMCC\Bin
C Compiler:      Armcc.exe V5.05 update 1 (build 106)
Assembler:       Armasm.exe V5.05 update 1 (build 106)
Linker/Locator:  ArmLink.exe V5.05 update 1 (build 106)
Library Manager: ArmAr.exe V5.05 update 1 (build 106)
Hex Converter:   FromElf.exe V5.05 update 1 (build 106)
CPU DLL:         SARMCM3.DLL V5.14.0.0
Dialog DLL:      DARMSTM.DLL V1.65.0.0
Target DLL:      Segger\JL2CM3.dll V2.99.13.0
Dialog DLL:      TARMSTM.DLL V1.64.0.0
 
<h2>Project:</h2>
E:\work\stm32\测试程序 V6.2\从机程序_1101\Project\RVMDK（uv4）\iSO-STM32.uvprojx
Project File Date:  11/18/2016

<h2>Output:</h2>
Build target '单通道'
compiling bsp_adc.c...
..\..\User\adc\bsp_adc.c(239): warning:  #177-D: variable "ADC_ConvertedValueLocal" was declared but never referenced
        uint32_t *ADC_ConvertedValueLocal;
..\..\User\adc\bsp_adc.c(240): warning:  #177-D: variable "value1" was declared but never referenced
        uint32_t value = 0,value1 = 0,value2 = 0;
..\..\User\adc\bsp_adc.c(240): warning:  #177-D: variable "value2" was declared but never referenced
        uint32_t value = 0,value1 = 0,value2 = 0;
..\..\User\adc\bsp_adc.c(564): warning:  #177-D: variable "value3" was declared but never referenced
        uint32_t value1=0 ,value2=0, value3=0 , dU_Current_0, dU_Current_1;
..\..\User\adc\bsp_adc.c: 4 warnings, 0 errors
linking...
Program Size: Code=12508 RO-data=336 RW-data=92 ZI-data=1540  
FromELF: creating hex file...
"..\..\Output\Template.axf" - 0 Error(s), 4 Warning(s).

<h2>Software Packages used:</h2>

Package Vendor: ARM
                http://www.keil.com/pack/ARM.CMSIS.4.2.0.pack
                ARM::CMSIS:CORE:3.40.0
                CMSIS (Cortex Microcontroller Software Interface Standard)
   * Component: CORE Version: 3.40.0

<h2>Collection of Component include folders:</h2>
  E:\work\stm32\测试程序 V6.2\从机程序_1101\Project\RVMDK（uv4）\RTE
  C:\Keil_v5\ARM\PACK\ARM\CMSIS\4.2.0\CMSIS\Include
  C:\Keil_v5\ARM\PACK\Keil\STM32F1xx_DFP\1.0.5\Device\Include

<h2>Collection of Component Files used:</h2>

   * Component: ARM::CMSIS:CORE:3.40.0
      Source file:   CMSIS\UserCodeTemplates\ARM\ITM_Retarget.c
</pre>
</body>
</html>
