Component: ARM Compiler 5.06 update 5 (build 528) Tool: armlink [4d35e2]

==============================================================================

Section Cross References

    startup_stm32f10x_hd.o(RESET) refers to startup_stm32f10x_hd.o(STACK) for __initial_sp
    startup_stm32f10x_hd.o(RESET) refers to startup_stm32f10x_hd.o(.text) for Reset_Handler
    startup_stm32f10x_hd.o(RESET) refers to stm32f10x_it.o(.text) for NMI_Handler
    startup_stm32f10x_hd.o(.text) refers to system_stm32f10x.o(.text) for SystemInit
    startup_stm32f10x_hd.o(.text) refers to entry.o(.ARM.Collect$$$$00000000) for __main
    system_stm32f10x.o(.text) refers to system_stm32f10x.o(.data) for SystemCoreClock
    stm32f10x_adc.o(.text) refers to stm32f10x_rcc.o(.text) for RCC_APB2PeriphResetCmd
    stm32f10x_bkp.o(.text) refers to stm32f10x_rcc.o(.text) for RCC_BackupResetCmd
    stm32f10x_can.o(.text) refers to stm32f10x_rcc.o(.text) for RCC_APB1PeriphResetCmd
    stm32f10x_cec.o(.text) refers to stm32f10x_rcc.o(.text) for RCC_APB1PeriphResetCmd
    stm32f10x_dac.o(.text) refers to stm32f10x_rcc.o(.text) for RCC_APB1PeriphResetCmd
    stm32f10x_gpio.o(.text) refers to stm32f10x_rcc.o(.text) for RCC_APB2PeriphResetCmd
    stm32f10x_i2c.o(.text) refers to stm32f10x_rcc.o(.text) for RCC_APB1PeriphResetCmd
    stm32f10x_pwr.o(.text) refers to stm32f10x_rcc.o(.text) for RCC_APB1PeriphResetCmd
    stm32f10x_rcc.o(.text) refers to stm32f10x_rcc.o(.data) for APBAHBPrescTable
    stm32f10x_spi.o(.text) refers to stm32f10x_rcc.o(.text) for RCC_APB2PeriphResetCmd
    stm32f10x_tim.o(.text) refers to stm32f10x_rcc.o(.text) for RCC_APB2PeriphResetCmd
    stm32f10x_usart.o(.text) refers to stm32f10x_rcc.o(.text) for RCC_APB2PeriphResetCmd
    stm32f10x_wwdg.o(.text) refers to stm32f10x_rcc.o(.text) for RCC_APB1PeriphResetCmd
    main.o(.text) refers to bsp_systick.o(.text) for SysTick_Init
    main.o(.text) refers to bsp_usart1.o(.text) for USARTx_Config
    main.o(.text) refers to bsp_dac.o(.text) for DAC_Mode_Init
    main.o(.text) refers to bsp_adc.o(.text) for ADCx_Init_L
    main.o(.text) refers to bsp_sw.o(.text) for BAT_SW_GPIO_Config
    main.o(.text) refers to bsp_led1.o(.text) for BSP_LED_Init
    main.o(.text) refers to can.o(.text) for CAN_Config
    main.o(.text) refers to bsp_iwdg.o(.text) for IWDG_Init
    stm32f10x_it.o(.text) refers to stm32f10x_can.o(.text) for CAN_Receive
    stm32f10x_it.o(.text) refers to stm32f10x_adc.o(.text) for ADC_GetITStatus
    stm32f10x_it.o(.text) refers to printfa.o(i.__0printf) for __2printf
    stm32f10x_it.o(.text) refers to bsp_systick.o(.text) for TimingDelay_Decrement
    stm32f10x_it.o(.text) refers to main.o(.bss) for RxMessage
    stm32f10x_it.o(.text) refers to main.o(.data) for flag
    stm32f10x_it.o(.text) refers to stm32f10x_it.o(.data) for i_nvic
    stm32f10x_it.o(.text) refers to bsp_adc.o(.bss) for ADC_ConvertedValue
    bsp_usart1.o(.text) refers to stm32f10x_rcc.o(.text) for RCC_APB2PeriphClockCmd
    bsp_usart1.o(.text) refers to stm32f10x_gpio.o(.text) for GPIO_Init
    bsp_usart1.o(.text) refers to stm32f10x_usart.o(.text) for USART_Init
    bsp_adc.o(.text) refers to stm32f10x_rcc.o(.text) for RCC_APB2PeriphClockCmd
    bsp_adc.o(.text) refers to stm32f10x_gpio.o(.text) for GPIO_Init
    bsp_adc.o(.text) refers to stm32f10x_adc.o(.text) for ADC_Init
    bsp_adc.o(.text) refers to misc.o(.text) for NVIC_PriorityGroupConfig
    bsp_adc.o(.text) refers to bsp_systick.o(.text) for Delay_us
    bsp_adc.o(.text) refers to printfa.o(i.__0printf) for __2printf
    bsp_adc.o(.text) refers to ffltui.o(.text) for __aeabi_ui2f
    bsp_adc.o(.text) refers to bsp_dac.o(.text) for DAC_Output
    bsp_adc.o(.text) refers to fflti.o(.text) for __aeabi_i2f
    bsp_adc.o(.text) refers to fdiv.o(.text) for __aeabi_fdiv
    bsp_adc.o(.text) refers to ffixui.o(.text) for __aeabi_f2uiz
    bsp_adc.o(.text) refers to bsp_adc.o(.data) for ntimes1
    bsp_adc.o(.text) refers to bsp_adc.o(.bss) for ADC_ConvertedValue
    bsp_charge.o(.text) refers to stm32f10x_rcc.o(.text) for RCC_APB2PeriphClockCmd
    bsp_charge.o(.text) refers to stm32f10x_gpio.o(.text) for GPIO_Init
    bsp_dac.o(.text) refers to stm32f10x_rcc.o(.text) for RCC_APB2PeriphClockCmd
    bsp_dac.o(.text) refers to stm32f10x_gpio.o(.text) for GPIO_Init
    bsp_dac.o(.text) refers to stm32f10x_dac.o(.text) for DAC_Init
    bsp_led1.o(.text) refers to stm32f10x_rcc.o(.text) for RCC_APB2PeriphClockCmd
    bsp_led1.o(.text) refers to stm32f10x_gpio.o(.text) for GPIO_Init
    bsp_sw.o(.text) refers to stm32f10x_rcc.o(.text) for RCC_APB2PeriphClockCmd
    bsp_sw.o(.text) refers to stm32f10x_gpio.o(.text) for GPIO_Init
    bsp_systick.o(.text) refers to system_stm32f10x.o(.data) for SystemCoreClock
    bsp_systick.o(.text) refers to bsp_systick.o(.data) for TimingDelay
    can.o(.text) refers to stm32f10x_rcc.o(.text) for RCC_APB2PeriphClockCmd
    can.o(.text) refers to stm32f10x_gpio.o(.text) for GPIO_PinRemapConfig
    can.o(.text) refers to misc.o(.text) for NVIC_PriorityGroupConfig
    can.o(.text) refers to stm32f10x_can.o(.text) for CAN_DeInit
    can.o(.text) refers to main.o(.bss) for TxMessage
    bsp_iwdg.o(.text) refers to stm32f10x_iwdg.o(.text) for IWDG_WriteAccessCmd
    bsp_iwdg.o(.text) refers to bsp_iwdg.o(.data) for LsiFreq
    entry.o(.ARM.Collect$$$$00000000) refers (Special) to entry10a.o(.ARM.Collect$$$$0000000D) for __rt_final_cpp
    entry.o(.ARM.Collect$$$$00000000) refers (Special) to entry11a.o(.ARM.Collect$$$$0000000F) for __rt_final_exit
    entry.o(.ARM.Collect$$$$00000000) refers (Special) to entry7b.o(.ARM.Collect$$$$00000008) for _main_clock
    entry.o(.ARM.Collect$$$$00000000) refers (Special) to entry8b.o(.ARM.Collect$$$$0000000A) for _main_cpp_init
    entry.o(.ARM.Collect$$$$00000000) refers (Special) to entry9a.o(.ARM.Collect$$$$0000000B) for _main_init
    entry.o(.ARM.Collect$$$$00000000) refers (Special) to entry5.o(.ARM.Collect$$$$00000004) for _main_scatterload
    entry.o(.ARM.Collect$$$$00000000) refers (Special) to entry2.o(.ARM.Collect$$$$00000001) for _main_stk
    printfb.o(i.__0fprintf$bare) refers to printfb.o(i._printf_core) for _printf_core
    printfb.o(i.__0fprintf$bare) refers to bsp_usart1.o(.text) for fputc
    printfb.o(i.__0printf$bare) refers to printfb.o(i._printf_core) for _printf_core
    printfb.o(i.__0printf$bare) refers to bsp_usart1.o(.text) for fputc
    printfb.o(i.__0printf$bare) refers to stdout.o(.data) for __stdout
    printfb.o(i.__0snprintf$bare) refers to printfb.o(i._printf_core) for _printf_core
    printfb.o(i.__0snprintf$bare) refers to printfb.o(i._snputc) for _snputc
    printfb.o(i.__0sprintf$bare) refers to printfb.o(i._printf_core) for _printf_core
    printfb.o(i.__0sprintf$bare) refers to printfb.o(i._sputc) for _sputc
    printfb.o(i.__0vfprintf$bare) refers to printfb.o(i._printf_core) for _printf_core
    printfb.o(i.__0vfprintf$bare) refers to bsp_usart1.o(.text) for fputc
    printfb.o(i.__0vprintf$bare) refers to printfb.o(i._printf_core) for _printf_core
    printfb.o(i.__0vprintf$bare) refers to bsp_usart1.o(.text) for fputc
    printfb.o(i.__0vprintf$bare) refers to stdout.o(.data) for __stdout
    printfb.o(i.__0vsnprintf$bare) refers to printfb.o(i._printf_core) for _printf_core
    printfb.o(i.__0vsnprintf$bare) refers to printfb.o(i._snputc) for _snputc
    printfb.o(i.__0vsprintf$bare) refers to printfb.o(i._printf_core) for _printf_core
    printfb.o(i.__0vsprintf$bare) refers to printfb.o(i._sputc) for _sputc
    printf0.o(i.__0fprintf$0) refers to printf0.o(i._printf_core) for _printf_core
    printf0.o(i.__0fprintf$0) refers to bsp_usart1.o(.text) for fputc
    printf0.o(i.__0printf$0) refers to printf0.o(i._printf_core) for _printf_core
    printf0.o(i.__0printf$0) refers to bsp_usart1.o(.text) for fputc
    printf0.o(i.__0printf$0) refers to stdout.o(.data) for __stdout
    printf0.o(i.__0snprintf$0) refers to printf0.o(i._printf_core) for _printf_core
    printf0.o(i.__0snprintf$0) refers to printf0.o(i._snputc) for _snputc
    printf0.o(i.__0sprintf$0) refers to printf0.o(i._printf_core) for _printf_core
    printf0.o(i.__0sprintf$0) refers to printf0.o(i._sputc) for _sputc
    printf0.o(i.__0vfprintf$0) refers to printf0.o(i._printf_core) for _printf_core
    printf0.o(i.__0vfprintf$0) refers to bsp_usart1.o(.text) for fputc
    printf0.o(i.__0vprintf$0) refers to printf0.o(i._printf_core) for _printf_core
    printf0.o(i.__0vprintf$0) refers to bsp_usart1.o(.text) for fputc
    printf0.o(i.__0vprintf$0) refers to stdout.o(.data) for __stdout
    printf0.o(i.__0vsnprintf$0) refers to printf0.o(i._printf_core) for _printf_core
    printf0.o(i.__0vsnprintf$0) refers to printf0.o(i._snputc) for _snputc
    printf0.o(i.__0vsprintf$0) refers to printf0.o(i._printf_core) for _printf_core
    printf0.o(i.__0vsprintf$0) refers to printf0.o(i._sputc) for _sputc
    printf1.o(i.__0fprintf$1) refers to printf1.o(i._printf_core) for _printf_core
    printf1.o(i.__0fprintf$1) refers to bsp_usart1.o(.text) for fputc
    printf1.o(i.__0printf$1) refers to printf1.o(i._printf_core) for _printf_core
    printf1.o(i.__0printf$1) refers to bsp_usart1.o(.text) for fputc
    printf1.o(i.__0printf$1) refers to stdout.o(.data) for __stdout
    printf1.o(i.__0snprintf$1) refers to printf1.o(i._printf_core) for _printf_core
    printf1.o(i.__0snprintf$1) refers to printf1.o(i._snputc) for _snputc
    printf1.o(i.__0sprintf$1) refers to printf1.o(i._printf_core) for _printf_core
    printf1.o(i.__0sprintf$1) refers to printf1.o(i._sputc) for _sputc
    printf1.o(i.__0vfprintf$1) refers to printf1.o(i._printf_core) for _printf_core
    printf1.o(i.__0vfprintf$1) refers to bsp_usart1.o(.text) for fputc
    printf1.o(i.__0vprintf$1) refers to printf1.o(i._printf_core) for _printf_core
    printf1.o(i.__0vprintf$1) refers to bsp_usart1.o(.text) for fputc
    printf1.o(i.__0vprintf$1) refers to stdout.o(.data) for __stdout
    printf1.o(i.__0vsnprintf$1) refers to printf1.o(i._printf_core) for _printf_core
    printf1.o(i.__0vsnprintf$1) refers to printf1.o(i._snputc) for _snputc
    printf1.o(i.__0vsprintf$1) refers to printf1.o(i._printf_core) for _printf_core
    printf1.o(i.__0vsprintf$1) refers to printf1.o(i._sputc) for _sputc
    printf1.o(i._printf_core) refers to uidiv.o(.text) for __aeabi_uidivmod
    printf2.o(i.__0fprintf$2) refers to printf2.o(i._printf_core) for _printf_core
    printf2.o(i.__0fprintf$2) refers to bsp_usart1.o(.text) for fputc
    printf2.o(i.__0printf$2) refers to printf2.o(i._printf_core) for _printf_core
    printf2.o(i.__0printf$2) refers to bsp_usart1.o(.text) for fputc
    printf2.o(i.__0printf$2) refers to stdout.o(.data) for __stdout
    printf2.o(i.__0snprintf$2) refers to printf2.o(i._printf_core) for _printf_core
    printf2.o(i.__0snprintf$2) refers to printf2.o(i._snputc) for _snputc
    printf2.o(i.__0sprintf$2) refers to printf2.o(i._printf_core) for _printf_core
    printf2.o(i.__0sprintf$2) refers to printf2.o(i._sputc) for _sputc
    printf2.o(i.__0vfprintf$2) refers to printf2.o(i._printf_core) for _printf_core
    printf2.o(i.__0vfprintf$2) refers to bsp_usart1.o(.text) for fputc
    printf2.o(i.__0vprintf$2) refers to printf2.o(i._printf_core) for _printf_core
    printf2.o(i.__0vprintf$2) refers to bsp_usart1.o(.text) for fputc
    printf2.o(i.__0vprintf$2) refers to stdout.o(.data) for __stdout
    printf2.o(i.__0vsnprintf$2) refers to printf2.o(i._printf_core) for _printf_core
    printf2.o(i.__0vsnprintf$2) refers to printf2.o(i._snputc) for _snputc
    printf2.o(i.__0vsprintf$2) refers to printf2.o(i._printf_core) for _printf_core
    printf2.o(i.__0vsprintf$2) refers to printf2.o(i._sputc) for _sputc
    printf3.o(i.__0fprintf$3) refers to printf3.o(i._printf_core) for _printf_core
    printf3.o(i.__0fprintf$3) refers to bsp_usart1.o(.text) for fputc
    printf3.o(i.__0printf$3) refers to printf3.o(i._printf_core) for _printf_core
    printf3.o(i.__0printf$3) refers to bsp_usart1.o(.text) for fputc
    printf3.o(i.__0printf$3) refers to stdout.o(.data) for __stdout
    printf3.o(i.__0snprintf$3) refers to printf3.o(i._printf_core) for _printf_core
    printf3.o(i.__0snprintf$3) refers to printf3.o(i._snputc) for _snputc
    printf3.o(i.__0sprintf$3) refers to printf3.o(i._printf_core) for _printf_core
    printf3.o(i.__0sprintf$3) refers to printf3.o(i._sputc) for _sputc
    printf3.o(i.__0vfprintf$3) refers to printf3.o(i._printf_core) for _printf_core
    printf3.o(i.__0vfprintf$3) refers to bsp_usart1.o(.text) for fputc
    printf3.o(i.__0vprintf$3) refers to printf3.o(i._printf_core) for _printf_core
    printf3.o(i.__0vprintf$3) refers to bsp_usart1.o(.text) for fputc
    printf3.o(i.__0vprintf$3) refers to stdout.o(.data) for __stdout
    printf3.o(i.__0vsnprintf$3) refers to printf3.o(i._printf_core) for _printf_core
    printf3.o(i.__0vsnprintf$3) refers to printf3.o(i._snputc) for _snputc
    printf3.o(i.__0vsprintf$3) refers to printf3.o(i._printf_core) for _printf_core
    printf3.o(i.__0vsprintf$3) refers to printf3.o(i._sputc) for _sputc
    printf3.o(i._printf_core) refers to uidiv.o(.text) for __aeabi_uidivmod
    printf4.o(i.__0fprintf$4) refers to printf4.o(i._printf_core) for _printf_core
    printf4.o(i.__0fprintf$4) refers to bsp_usart1.o(.text) for fputc
    printf4.o(i.__0printf$4) refers to printf4.o(i._printf_core) for _printf_core
    printf4.o(i.__0printf$4) refers to bsp_usart1.o(.text) for fputc
    printf4.o(i.__0printf$4) refers to stdout.o(.data) for __stdout
    printf4.o(i.__0snprintf$4) refers to printf4.o(i._printf_core) for _printf_core
    printf4.o(i.__0snprintf$4) refers to printf4.o(i._snputc) for _snputc
    printf4.o(i.__0sprintf$4) refers to printf4.o(i._printf_core) for _printf_core
    printf4.o(i.__0sprintf$4) refers to printf4.o(i._sputc) for _sputc
    printf4.o(i.__0vfprintf$4) refers to printf4.o(i._printf_core) for _printf_core
    printf4.o(i.__0vfprintf$4) refers to bsp_usart1.o(.text) for fputc
    printf4.o(i.__0vprintf$4) refers to printf4.o(i._printf_core) for _printf_core
    printf4.o(i.__0vprintf$4) refers to bsp_usart1.o(.text) for fputc
    printf4.o(i.__0vprintf$4) refers to stdout.o(.data) for __stdout
    printf4.o(i.__0vsnprintf$4) refers to printf4.o(i._printf_core) for _printf_core
    printf4.o(i.__0vsnprintf$4) refers to printf4.o(i._snputc) for _snputc
    printf4.o(i.__0vsprintf$4) refers to printf4.o(i._printf_core) for _printf_core
    printf4.o(i.__0vsprintf$4) refers to printf4.o(i._sputc) for _sputc
    printf4.o(i._printf_core) refers to uldiv.o(.text) for __aeabi_uldivmod
    printf5.o(i.__0fprintf$5) refers to printf5.o(i._printf_core) for _printf_core
    printf5.o(i.__0fprintf$5) refers to bsp_usart1.o(.text) for fputc
    printf5.o(i.__0printf$5) refers to printf5.o(i._printf_core) for _printf_core
    printf5.o(i.__0printf$5) refers to bsp_usart1.o(.text) for fputc
    printf5.o(i.__0printf$5) refers to stdout.o(.data) for __stdout
    printf5.o(i.__0snprintf$5) refers to printf5.o(i._printf_core) for _printf_core
    printf5.o(i.__0snprintf$5) refers to printf5.o(i._snputc) for _snputc
    printf5.o(i.__0sprintf$5) refers to printf5.o(i._printf_core) for _printf_core
    printf5.o(i.__0sprintf$5) refers to printf5.o(i._sputc) for _sputc
    printf5.o(i.__0vfprintf$5) refers to printf5.o(i._printf_core) for _printf_core
    printf5.o(i.__0vfprintf$5) refers to bsp_usart1.o(.text) for fputc
    printf5.o(i.__0vprintf$5) refers to printf5.o(i._printf_core) for _printf_core
    printf5.o(i.__0vprintf$5) refers to bsp_usart1.o(.text) for fputc
    printf5.o(i.__0vprintf$5) refers to stdout.o(.data) for __stdout
    printf5.o(i.__0vsnprintf$5) refers to printf5.o(i._printf_core) for _printf_core
    printf5.o(i.__0vsnprintf$5) refers to printf5.o(i._snputc) for _snputc
    printf5.o(i.__0vsprintf$5) refers to printf5.o(i._printf_core) for _printf_core
    printf5.o(i.__0vsprintf$5) refers to printf5.o(i._sputc) for _sputc
    printf5.o(i._printf_core) refers to uldiv.o(.text) for __aeabi_uldivmod
    printf6.o(i.__0fprintf$6) refers to printf6.o(i._printf_core) for _printf_core
    printf6.o(i.__0fprintf$6) refers to bsp_usart1.o(.text) for fputc
    printf6.o(i.__0printf$6) refers to printf6.o(i._printf_core) for _printf_core
    printf6.o(i.__0printf$6) refers to bsp_usart1.o(.text) for fputc
    printf6.o(i.__0printf$6) refers to stdout.o(.data) for __stdout
    printf6.o(i.__0snprintf$6) refers to printf6.o(i._printf_core) for _printf_core
    printf6.o(i.__0snprintf$6) refers to printf6.o(i._snputc) for _snputc
    printf6.o(i.__0sprintf$6) refers to printf6.o(i._printf_core) for _printf_core
    printf6.o(i.__0sprintf$6) refers to printf6.o(i._sputc) for _sputc
    printf6.o(i.__0vfprintf$6) refers to printf6.o(i._printf_core) for _printf_core
    printf6.o(i.__0vfprintf$6) refers to bsp_usart1.o(.text) for fputc
    printf6.o(i.__0vprintf$6) refers to printf6.o(i._printf_core) for _printf_core
    printf6.o(i.__0vprintf$6) refers to bsp_usart1.o(.text) for fputc
    printf6.o(i.__0vprintf$6) refers to stdout.o(.data) for __stdout
    printf6.o(i.__0vsnprintf$6) refers to printf6.o(i._printf_core) for _printf_core
    printf6.o(i.__0vsnprintf$6) refers to printf6.o(i._snputc) for _snputc
    printf6.o(i.__0vsprintf$6) refers to printf6.o(i._printf_core) for _printf_core
    printf6.o(i.__0vsprintf$6) refers to printf6.o(i._sputc) for _sputc
    printf6.o(i._printf_core) refers to printf6.o(i._printf_pre_padding) for _printf_pre_padding
    printf6.o(i._printf_core) refers to uidiv.o(.text) for __aeabi_uidivmod
    printf6.o(i._printf_core) refers to printf6.o(i._printf_post_padding) for _printf_post_padding
    printf7.o(i.__0fprintf$7) refers to printf7.o(i._printf_core) for _printf_core
    printf7.o(i.__0fprintf$7) refers to bsp_usart1.o(.text) for fputc
    printf7.o(i.__0printf$7) refers to printf7.o(i._printf_core) for _printf_core
    printf7.o(i.__0printf$7) refers to bsp_usart1.o(.text) for fputc
    printf7.o(i.__0printf$7) refers to stdout.o(.data) for __stdout
    printf7.o(i.__0snprintf$7) refers to printf7.o(i._printf_core) for _printf_core
    printf7.o(i.__0snprintf$7) refers to printf7.o(i._snputc) for _snputc
    printf7.o(i.__0sprintf$7) refers to printf7.o(i._printf_core) for _printf_core
    printf7.o(i.__0sprintf$7) refers to printf7.o(i._sputc) for _sputc
    printf7.o(i.__0vfprintf$7) refers to printf7.o(i._printf_core) for _printf_core
    printf7.o(i.__0vfprintf$7) refers to bsp_usart1.o(.text) for fputc
    printf7.o(i.__0vprintf$7) refers to printf7.o(i._printf_core) for _printf_core
    printf7.o(i.__0vprintf$7) refers to bsp_usart1.o(.text) for fputc
    printf7.o(i.__0vprintf$7) refers to stdout.o(.data) for __stdout
    printf7.o(i.__0vsnprintf$7) refers to printf7.o(i._printf_core) for _printf_core
    printf7.o(i.__0vsnprintf$7) refers to printf7.o(i._snputc) for _snputc
    printf7.o(i.__0vsprintf$7) refers to printf7.o(i._printf_core) for _printf_core
    printf7.o(i.__0vsprintf$7) refers to printf7.o(i._sputc) for _sputc
    printf7.o(i._printf_core) refers to printf7.o(i._printf_pre_padding) for _printf_pre_padding
    printf7.o(i._printf_core) refers to uldiv.o(.text) for __aeabi_uldivmod
    printf7.o(i._printf_core) refers to printf7.o(i._printf_post_padding) for _printf_post_padding
    printf8.o(i.__0fprintf$8) refers to printf8.o(i._printf_core) for _printf_core
    printf8.o(i.__0fprintf$8) refers to bsp_usart1.o(.text) for fputc
    printf8.o(i.__0printf$8) refers to printf8.o(i._printf_core) for _printf_core
    printf8.o(i.__0printf$8) refers to bsp_usart1.o(.text) for fputc
    printf8.o(i.__0printf$8) refers to stdout.o(.data) for __stdout
    printf8.o(i.__0snprintf$8) refers to printf8.o(i._printf_core) for _printf_core
    printf8.o(i.__0snprintf$8) refers to printf8.o(i._snputc) for _snputc
    printf8.o(i.__0sprintf$8) refers to printf8.o(i._printf_core) for _printf_core
    printf8.o(i.__0sprintf$8) refers to printf8.o(i._sputc) for _sputc
    printf8.o(i.__0vfprintf$8) refers to printf8.o(i._printf_core) for _printf_core
    printf8.o(i.__0vfprintf$8) refers to bsp_usart1.o(.text) for fputc
    printf8.o(i.__0vprintf$8) refers to printf8.o(i._printf_core) for _printf_core
    printf8.o(i.__0vprintf$8) refers to bsp_usart1.o(.text) for fputc
    printf8.o(i.__0vprintf$8) refers to stdout.o(.data) for __stdout
    printf8.o(i.__0vsnprintf$8) refers to printf8.o(i._printf_core) for _printf_core
    printf8.o(i.__0vsnprintf$8) refers to printf8.o(i._snputc) for _snputc
    printf8.o(i.__0vsprintf$8) refers to printf8.o(i._printf_core) for _printf_core
    printf8.o(i.__0vsprintf$8) refers to printf8.o(i._sputc) for _sputc
    printf8.o(i._printf_core) refers to printf8.o(i._printf_pre_padding) for _printf_pre_padding
    printf8.o(i._printf_core) refers to uldiv.o(.text) for __aeabi_uldivmod
    printf8.o(i._printf_core) refers to printf8.o(i._printf_post_padding) for _printf_post_padding
    printfa.o(i.__0fprintf) refers (Special) to iusefp.o(.text) for __I$use$fp
    printfa.o(i.__0fprintf) refers to printfa.o(i._printf_core) for _printf_core
    printfa.o(i.__0fprintf) refers to bsp_usart1.o(.text) for fputc
    printfa.o(i.__0printf) refers (Special) to iusefp.o(.text) for __I$use$fp
    printfa.o(i.__0printf) refers to printfa.o(i._printf_core) for _printf_core
    printfa.o(i.__0printf) refers to bsp_usart1.o(.text) for fputc
    printfa.o(i.__0printf) refers to stdout.o(.data) for __stdout
    printfa.o(i.__0snprintf) refers (Special) to iusefp.o(.text) for __I$use$fp
    printfa.o(i.__0snprintf) refers to printfa.o(i._printf_core) for _printf_core
    printfa.o(i.__0snprintf) refers to printfa.o(i._snputc) for _snputc
    printfa.o(i.__0sprintf) refers (Special) to iusefp.o(.text) for __I$use$fp
    printfa.o(i.__0sprintf) refers to printfa.o(i._printf_core) for _printf_core
    printfa.o(i.__0sprintf) refers to printfa.o(i._sputc) for _sputc
    printfa.o(i.__0vfprintf) refers (Special) to iusefp.o(.text) for __I$use$fp
    printfa.o(i.__0vfprintf) refers to printfa.o(i._printf_core) for _printf_core
    printfa.o(i.__0vfprintf) refers to bsp_usart1.o(.text) for fputc
    printfa.o(i.__0vprintf) refers (Special) to iusefp.o(.text) for __I$use$fp
    printfa.o(i.__0vprintf) refers to printfa.o(i._printf_core) for _printf_core
    printfa.o(i.__0vprintf) refers to bsp_usart1.o(.text) for fputc
    printfa.o(i.__0vprintf) refers to stdout.o(.data) for __stdout
    printfa.o(i.__0vsnprintf) refers (Special) to iusefp.o(.text) for __I$use$fp
    printfa.o(i.__0vsnprintf) refers to printfa.o(i._printf_core) for _printf_core
    printfa.o(i.__0vsnprintf) refers to printfa.o(i._snputc) for _snputc
    printfa.o(i.__0vsprintf) refers (Special) to iusefp.o(.text) for __I$use$fp
    printfa.o(i.__0vsprintf) refers to printfa.o(i._printf_core) for _printf_core
    printfa.o(i.__0vsprintf) refers to printfa.o(i._sputc) for _sputc
    printfa.o(i._fp_digits) refers (Special) to iusefp.o(.text) for __I$use$fp
    printfa.o(i._fp_digits) refers to dmul.o(.text) for __aeabi_dmul
    printfa.o(i._fp_digits) refers to ddiv.o(.text) for __aeabi_ddiv
    printfa.o(i._fp_digits) refers to cdrcmple.o(.text) for __aeabi_cdrcmple
    printfa.o(i._fp_digits) refers to dadd.o(.text) for __aeabi_dadd
    printfa.o(i._fp_digits) refers to dfixul.o(.text) for __aeabi_d2ulz
    printfa.o(i._fp_digits) refers to uldiv.o(.text) for __aeabi_uldivmod
    printfa.o(i._printf_core) refers (Special) to iusefp.o(.text) for __I$use$fp
    printfa.o(i._printf_core) refers to printfa.o(i._printf_pre_padding) for _printf_pre_padding
    printfa.o(i._printf_core) refers to uldiv.o(.text) for __aeabi_uldivmod
    printfa.o(i._printf_core) refers to printfa.o(i._printf_post_padding) for _printf_post_padding
    printfa.o(i._printf_core) refers to printfa.o(i._fp_digits) for _fp_digits
    printfa.o(i._printf_core) refers to uidiv.o(.text) for __aeabi_uidivmod
    printfa.o(i._printf_post_padding) refers (Special) to iusefp.o(.text) for __I$use$fp
    printfa.o(i._printf_pre_padding) refers (Special) to iusefp.o(.text) for __I$use$fp
    printfa.o(i._snputc) refers (Special) to iusefp.o(.text) for __I$use$fp
    printfa.o(i._sputc) refers (Special) to iusefp.o(.text) for __I$use$fp
    fdiv.o(.text) refers (Special) to iusefp.o(.text) for __I$use$fp
    fdiv.o(.text) refers to fepilogue.o(.text) for _float_round
    fflti.o(.text) refers (Special) to iusefp.o(.text) for __I$use$fp
    fflti.o(.text) refers to fepilogue.o(.text) for _float_epilogue
    ffltui.o(.text) refers (Special) to iusefp.o(.text) for __I$use$fp
    ffltui.o(.text) refers to fepilogue.o(.text) for _float_epilogue
    ffixui.o(.text) refers (Special) to iusefp.o(.text) for __I$use$fp
    entry2.o(.ARM.Collect$$$$00000001) refers to entry2.o(.ARM.Collect$$$$00002712) for __lit__00000000
    entry2.o(.ARM.Collect$$$$00002712) refers to startup_stm32f10x_hd.o(STACK) for __initial_sp
    entry2.o(__vectab_stack_and_reset_area) refers to startup_stm32f10x_hd.o(STACK) for __initial_sp
    entry2.o(__vectab_stack_and_reset_area) refers to entry.o(.ARM.Collect$$$$00000000) for __main
    entry5.o(.ARM.Collect$$$$00000004) refers to init.o(.text) for __scatterload
    entry9a.o(.ARM.Collect$$$$0000000B) refers to main.o(.text) for main
    entry9b.o(.ARM.Collect$$$$0000000C) refers to main.o(.text) for main
    uldiv.o(.text) refers to llushr.o(.text) for __aeabi_llsr
    uldiv.o(.text) refers to llshl.o(.text) for __aeabi_llsl
    dadd.o(.text) refers to llshl.o(.text) for __aeabi_llsl
    dadd.o(.text) refers to llsshr.o(.text) for __aeabi_lasr
    dadd.o(.text) refers to depilogue.o(.text) for _double_epilogue
    dmul.o(.text) refers to depilogue.o(.text) for _double_epilogue
    ddiv.o(.text) refers to depilogue.o(.text) for _double_round
    dfixul.o(.text) refers to llushr.o(.text) for __aeabi_llsr
    dfixul.o(.text) refers to llshl.o(.text) for __aeabi_llsl
    init.o(.text) refers to entry5.o(.ARM.Collect$$$$00000004) for __main_after_scatterload
    depilogue.o(.text) refers to llshl.o(.text) for __aeabi_llsl
    depilogue.o(.text) refers to llushr.o(.text) for __aeabi_llsr


==============================================================================

Removing Unused input sections from the image.

    Removing startup_stm32f10x_hd.o(HEAP), (512 bytes).
    Removing core_cm3.o(.emb_text), (32 bytes).
    Removing stm32f10x_bkp.o(.text), (196 bytes).
    Removing stm32f10x_cec.o(.text), (288 bytes).
    Removing stm32f10x_crc.o(.text), (72 bytes).
    Removing stm32f10x_dbgmcu.o(.text), (48 bytes).
    Removing stm32f10x_dma.o(.text), (596 bytes).
    Removing stm32f10x_exti.o(.text), (284 bytes).
    Removing stm32f10x_flash.o(.text), (1468 bytes).
    Removing stm32f10x_fsmc.o(.text), (1548 bytes).
    Removing stm32f10x_i2c.o(.text), (1028 bytes).
    Removing stm32f10x_pwr.o(.text), (204 bytes).
    Removing stm32f10x_rtc.o(.text), (328 bytes).
    Removing stm32f10x_sdio.o(.text), (468 bytes).
    Removing stm32f10x_spi.o(.text), (780 bytes).
    Removing stm32f10x_tim.o(.text), (3610 bytes).
    Removing stm32f10x_wwdg.o(.text), (136 bytes).
    Removing bsp_charge.o(.text), (612 bytes).

18 unused section(s) (total 12210 bytes) removed from the image.

==============================================================================

Image Symbol Table

    Local Symbols

    Symbol Name                              Value     Ov Type        Size  Object(Section)

    ../clib/microlib/division.c              0x00000000   Number         0  uldiv.o ABSOLUTE
    ../clib/microlib/division.c              0x00000000   Number         0  uidiv.o ABSOLUTE
    ../clib/microlib/init/entry.s            0x00000000   Number         0  entry10a.o ABSOLUTE
    ../clib/microlib/init/entry.s            0x00000000   Number         0  entry9a.o ABSOLUTE
    ../clib/microlib/init/entry.s            0x00000000   Number         0  entry.o ABSOLUTE
    ../clib/microlib/init/entry.s            0x00000000   Number         0  entry7b.o ABSOLUTE
    ../clib/microlib/init/entry.s            0x00000000   Number         0  entry8a.o ABSOLUTE
    ../clib/microlib/init/entry.s            0x00000000   Number         0  entry5.o ABSOLUTE
    ../clib/microlib/init/entry.s            0x00000000   Number         0  entry11b.o ABSOLUTE
    ../clib/microlib/init/entry.s            0x00000000   Number         0  entry11a.o ABSOLUTE
    ../clib/microlib/init/entry.s            0x00000000   Number         0  entry10b.o ABSOLUTE
    ../clib/microlib/init/entry.s            0x00000000   Number         0  entry2.o ABSOLUTE
    ../clib/microlib/init/entry.s            0x00000000   Number         0  entry7a.o ABSOLUTE
    ../clib/microlib/init/entry.s            0x00000000   Number         0  entry8b.o ABSOLUTE
    ../clib/microlib/init/entry.s            0x00000000   Number         0  entry9b.o ABSOLUTE
    ../clib/microlib/longlong.c              0x00000000   Number         0  llushr.o ABSOLUTE
    ../clib/microlib/longlong.c              0x00000000   Number         0  llshl.o ABSOLUTE
    ../clib/microlib/longlong.c              0x00000000   Number         0  llsshr.o ABSOLUTE
    ../clib/microlib/printf/printf.c         0x00000000   Number         0  printf3.o ABSOLUTE
    ../clib/microlib/printf/printf.c         0x00000000   Number         0  printf6.o ABSOLUTE
    ../clib/microlib/printf/printf.c         0x00000000   Number         0  printf5.o ABSOLUTE
    ../clib/microlib/printf/printf.c         0x00000000   Number         0  printf4.o ABSOLUTE
    ../clib/microlib/printf/printf.c         0x00000000   Number         0  printf2.o ABSOLUTE
    ../clib/microlib/printf/printf.c         0x00000000   Number         0  printf1.o ABSOLUTE
    ../clib/microlib/printf/printf.c         0x00000000   Number         0  printf0.o ABSOLUTE
    ../clib/microlib/printf/printf.c         0x00000000   Number         0  printfb.o ABSOLUTE
    ../clib/microlib/printf/printf.c         0x00000000   Number         0  printf8.o ABSOLUTE
    ../clib/microlib/printf/printf.c         0x00000000   Number         0  printf7.o ABSOLUTE
    ../clib/microlib/printf/printf.c         0x00000000   Number         0  printfa.o ABSOLUTE
    ../clib/microlib/printf/stubs.s          0x00000000   Number         0  stubs.o ABSOLUTE
    ../clib/microlib/stdio/streams.c         0x00000000   Number         0  stdout.o ABSOLUTE
    ../clib/microlib/stubs.s                 0x00000000   Number         0  iusefp.o ABSOLUTE
    ../fplib/microlib/fpadd.c                0x00000000   Number         0  dadd.o ABSOLUTE
    ../fplib/microlib/fpdiv.c                0x00000000   Number         0  fdiv.o ABSOLUTE
    ../fplib/microlib/fpdiv.c                0x00000000   Number         0  ddiv.o ABSOLUTE
    ../fplib/microlib/fpepilogue.c           0x00000000   Number         0  fepilogue.o ABSOLUTE
    ../fplib/microlib/fpepilogue.c           0x00000000   Number         0  depilogue.o ABSOLUTE
    ../fplib/microlib/fpfix.c                0x00000000   Number         0  ffixui.o ABSOLUTE
    ../fplib/microlib/fpfix.c                0x00000000   Number         0  dfixul.o ABSOLUTE
    ../fplib/microlib/fpflt.c                0x00000000   Number         0  ffltui.o ABSOLUTE
    ../fplib/microlib/fpflt.c                0x00000000   Number         0  fflti.o ABSOLUTE
    ../fplib/microlib/fpmul.c                0x00000000   Number         0  dmul.o ABSOLUTE
    ..\..\Libraries\CMSIS\core_cm3.c         0x00000000   Number         0  core_cm3.o ABSOLUTE
    ..\..\Libraries\CMSIS\startup\startup_stm32f10x_hd.s 0x00000000   Number         0  startup_stm32f10x_hd.o ABSOLUTE
    ..\..\Libraries\CMSIS\system_stm32f10x.c 0x00000000   Number         0  system_stm32f10x.o ABSOLUTE
    ..\..\Libraries\FWlib\src\misc.c         0x00000000   Number         0  misc.o ABSOLUTE
    ..\..\Libraries\FWlib\src\stm32f10x_adc.c 0x00000000   Number         0  stm32f10x_adc.o ABSOLUTE
    ..\..\Libraries\FWlib\src\stm32f10x_bkp.c 0x00000000   Number         0  stm32f10x_bkp.o ABSOLUTE
    ..\..\Libraries\FWlib\src\stm32f10x_can.c 0x00000000   Number         0  stm32f10x_can.o ABSOLUTE
    ..\..\Libraries\FWlib\src\stm32f10x_cec.c 0x00000000   Number         0  stm32f10x_cec.o ABSOLUTE
    ..\..\Libraries\FWlib\src\stm32f10x_crc.c 0x00000000   Number         0  stm32f10x_crc.o ABSOLUTE
    ..\..\Libraries\FWlib\src\stm32f10x_dac.c 0x00000000   Number         0  stm32f10x_dac.o ABSOLUTE
    ..\..\Libraries\FWlib\src\stm32f10x_dbgmcu.c 0x00000000   Number         0  stm32f10x_dbgmcu.o ABSOLUTE
    ..\..\Libraries\FWlib\src\stm32f10x_dma.c 0x00000000   Number         0  stm32f10x_dma.o ABSOLUTE
    ..\..\Libraries\FWlib\src\stm32f10x_exti.c 0x00000000   Number         0  stm32f10x_exti.o ABSOLUTE
    ..\..\Libraries\FWlib\src\stm32f10x_flash.c 0x00000000   Number         0  stm32f10x_flash.o ABSOLUTE
    ..\..\Libraries\FWlib\src\stm32f10x_fsmc.c 0x00000000   Number         0  stm32f10x_fsmc.o ABSOLUTE
    ..\..\Libraries\FWlib\src\stm32f10x_gpio.c 0x00000000   Number         0  stm32f10x_gpio.o ABSOLUTE
    ..\..\Libraries\FWlib\src\stm32f10x_i2c.c 0x00000000   Number         0  stm32f10x_i2c.o ABSOLUTE
    ..\..\Libraries\FWlib\src\stm32f10x_iwdg.c 0x00000000   Number         0  stm32f10x_iwdg.o ABSOLUTE
    ..\..\Libraries\FWlib\src\stm32f10x_pwr.c 0x00000000   Number         0  stm32f10x_pwr.o ABSOLUTE
    ..\..\Libraries\FWlib\src\stm32f10x_rcc.c 0x00000000   Number         0  stm32f10x_rcc.o ABSOLUTE
    ..\..\Libraries\FWlib\src\stm32f10x_rtc.c 0x00000000   Number         0  stm32f10x_rtc.o ABSOLUTE
    ..\..\Libraries\FWlib\src\stm32f10x_sdio.c 0x00000000   Number         0  stm32f10x_sdio.o ABSOLUTE
    ..\..\Libraries\FWlib\src\stm32f10x_spi.c 0x00000000   Number         0  stm32f10x_spi.o ABSOLUTE
    ..\..\Libraries\FWlib\src\stm32f10x_tim.c 0x00000000   Number         0  stm32f10x_tim.o ABSOLUTE
    ..\..\Libraries\FWlib\src\stm32f10x_usart.c 0x00000000   Number         0  stm32f10x_usart.o ABSOLUTE
    ..\..\Libraries\FWlib\src\stm32f10x_wwdg.c 0x00000000   Number         0  stm32f10x_wwdg.o ABSOLUTE
    ..\..\User\adc\bsp_adc.c                 0x00000000   Number         0  bsp_adc.o ABSOLUTE
    ..\..\User\bsp_SysTick.c                 0x00000000   Number         0  bsp_systick.o ABSOLUTE
    ..\..\User\bsp_charge.c                  0x00000000   Number         0  bsp_charge.o ABSOLUTE
    ..\..\User\bsp_dac.c                     0x00000000   Number         0  bsp_dac.o ABSOLUTE
    ..\..\User\bsp_iwdg.c                    0x00000000   Number         0  bsp_iwdg.o ABSOLUTE
    ..\..\User\bsp_led1.c                    0x00000000   Number         0  bsp_led1.o ABSOLUTE
    ..\..\User\bsp_sw.c                      0x00000000   Number         0  bsp_sw.o ABSOLUTE
    ..\..\User\can.c                         0x00000000   Number         0  can.o ABSOLUTE
    ..\..\User\main.c                        0x00000000   Number         0  main.o ABSOLUTE
    ..\..\User\stm32f10x_it.c                0x00000000   Number         0  stm32f10x_it.o ABSOLUTE
    ..\..\User\usart\bsp_usart1.c            0x00000000   Number         0  bsp_usart1.o ABSOLUTE
    ..\\..\\Libraries\\CMSIS\\core_cm3.c     0x00000000   Number         0  core_cm3.o ABSOLUTE
    cdrcmple.s                               0x00000000   Number         0  cdrcmple.o ABSOLUTE
    dc.s                                     0x00000000   Number         0  dc.o ABSOLUTE
    handlers.s                               0x00000000   Number         0  handlers.o ABSOLUTE
    init.s                                   0x00000000   Number         0  init.o ABSOLUTE
    RESET                                    0x08000000   Section      304  startup_stm32f10x_hd.o(RESET)
    .ARM.Collect$$$$00000000                 0x08000130   Section        0  entry.o(.ARM.Collect$$$$00000000)
    .ARM.Collect$$$$00000001                 0x08000130   Section        4  entry2.o(.ARM.Collect$$$$00000001)
    .ARM.Collect$$$$00000004                 0x08000134   Section        4  entry5.o(.ARM.Collect$$$$00000004)
    .ARM.Collect$$$$00000008                 0x08000138   Section        0  entry7b.o(.ARM.Collect$$$$00000008)
    .ARM.Collect$$$$0000000A                 0x08000138   Section        0  entry8b.o(.ARM.Collect$$$$0000000A)
    .ARM.Collect$$$$0000000B                 0x08000138   Section        8  entry9a.o(.ARM.Collect$$$$0000000B)
    .ARM.Collect$$$$0000000D                 0x08000140   Section        0  entry10a.o(.ARM.Collect$$$$0000000D)
    .ARM.Collect$$$$0000000F                 0x08000140   Section        0  entry11a.o(.ARM.Collect$$$$0000000F)
    .ARM.Collect$$$$00002712                 0x08000140   Section        4  entry2.o(.ARM.Collect$$$$00002712)
    __lit__00000000                          0x08000140   Data           4  entry2.o(.ARM.Collect$$$$00002712)
    .text                                    0x08000144   Section       36  startup_stm32f10x_hd.o(.text)
    .text                                    0x08000168   Section        0  system_stm32f10x.o(.text)
    SetSysClockTo72                          0x08000169   Thumb Code   214  system_stm32f10x.o(.text)
    SetSysClock                              0x0800023f   Thumb Code     8  system_stm32f10x.o(.text)
    .text                                    0x08000348   Section        0  misc.o(.text)
    .text                                    0x08000424   Section        0  stm32f10x_adc.o(.text)
    .text                                    0x08000874   Section        0  stm32f10x_can.o(.text)
    CheckITStatus                            0x08001077   Thumb Code    18  stm32f10x_can.o(.text)
    .text                                    0x08001264   Section        0  stm32f10x_dac.o(.text)
    .text                                    0x080013f0   Section        0  stm32f10x_gpio.o(.text)
    .text                                    0x0800174c   Section        0  stm32f10x_iwdg.o(.text)
    .text                                    0x0800178c   Section        0  stm32f10x_rcc.o(.text)
    .text                                    0x08001b30   Section        0  stm32f10x_usart.o(.text)
    .text                                    0x08001f38   Section        0  main.o(.text)
    .text                                    0x08001f84   Section        0  stm32f10x_it.o(.text)
    .text                                    0x08002098   Section        0  bsp_usart1.o(.text)
    .text                                    0x08002154   Section        0  bsp_adc.o(.text)
    ADCx_Mode_Config1                        0x08002177   Thumb Code   138  bsp_adc.o(.text)
    ADC_NVIC_Config                          0x08002201   Thumb Code    40  bsp_adc.o(.text)
    .text                                    0x08002800   Section        0  bsp_dac.o(.text)
    DAC_Config                               0x08002801   Thumb Code    70  bsp_dac.o(.text)
    .text                                    0x08002868   Section        0  bsp_led1.o(.text)
    BSP_LED_GPIO_Config                      0x08002869   Thumb Code    92  bsp_led1.o(.text)
    .text                                    0x080028d8   Section        0  bsp_sw.o(.text)
    .text                                    0x08002980   Section        0  bsp_systick.o(.text)
    .text                                    0x08002a34   Section        0  can.o(.text)
    CAN_GPIO_Config                          0x08002a35   Thumb Code    86  can.o(.text)
    CAN_NVIC_Config                          0x08002a8b   Thumb Code    40  can.o(.text)
    CAN_Mode_Config                          0x08002ab3   Thumb Code    82  can.o(.text)
    CAN_Filter_Config                        0x08002b05   Thumb Code    48  can.o(.text)
    .text                                    0x08002bb4   Section        0  bsp_iwdg.o(.text)
    .text                                    0x08002be8   Section        0  fdiv.o(.text)
    .text                                    0x08002c64   Section        0  fflti.o(.text)
    .text                                    0x08002c76   Section        0  ffltui.o(.text)
    .text                                    0x08002c80   Section        0  ffixui.o(.text)
    .text                                    0x08002ca8   Section        0  uidiv.o(.text)
    .text                                    0x08002cd4   Section        0  uldiv.o(.text)
    .text                                    0x08002d36   Section        0  iusefp.o(.text)
    .text                                    0x08002d36   Section        0  fepilogue.o(.text)
    .text                                    0x08002da4   Section        0  dadd.o(.text)
    .text                                    0x08002ef2   Section        0  dmul.o(.text)
    .text                                    0x08002fd6   Section        0  ddiv.o(.text)
    .text                                    0x080030b4   Section        0  dfixul.o(.text)
    .text                                    0x080030e4   Section       48  cdrcmple.o(.text)
    .text                                    0x08003114   Section       36  init.o(.text)
    .text                                    0x08003138   Section        0  llshl.o(.text)
    .text                                    0x08003156   Section        0  llushr.o(.text)
    .text                                    0x08003176   Section        0  llsshr.o(.text)
    .text                                    0x0800319a   Section        0  depilogue.o(.text)
    i.__0printf                              0x08003254   Section        0  printfa.o(i.__0printf)
    i.__scatterload_copy                     0x08003274   Section       14  handlers.o(i.__scatterload_copy)
    i.__scatterload_null                     0x08003282   Section        2  handlers.o(i.__scatterload_null)
    i.__scatterload_zeroinit                 0x08003284   Section       14  handlers.o(i.__scatterload_zeroinit)
    i._fp_digits                             0x08003294   Section        0  printfa.o(i._fp_digits)
    _fp_digits                               0x08003295   Thumb Code   366  printfa.o(i._fp_digits)
    i._printf_core                           0x08003418   Section        0  printfa.o(i._printf_core)
    _printf_core                             0x08003419   Thumb Code  1744  printfa.o(i._printf_core)
    i._printf_post_padding                   0x08003af4   Section        0  printfa.o(i._printf_post_padding)
    _printf_post_padding                     0x08003af5   Thumb Code    36  printfa.o(i._printf_post_padding)
    i._printf_pre_padding                    0x08003b18   Section        0  printfa.o(i._printf_pre_padding)
    _printf_pre_padding                      0x08003b19   Thumb Code    46  printfa.o(i._printf_pre_padding)
    .data                                    0x20000000   Section       20  system_stm32f10x.o(.data)
    .data                                    0x20000014   Section       20  stm32f10x_rcc.o(.data)
    APBAHBPrescTable                         0x20000014   Data          16  stm32f10x_rcc.o(.data)
    ADCPrescTable                            0x20000024   Data           4  stm32f10x_rcc.o(.data)
    .data                                    0x20000028   Section       28  main.o(.data)
    .data                                    0x20000044   Section       12  stm32f10x_it.o(.data)
    .data                                    0x20000050   Section       32  bsp_adc.o(.data)
    .data                                    0x20000070   Section        4  bsp_systick.o(.data)
    TimingDelay                              0x20000070   Data           4  bsp_systick.o(.data)
    .data                                    0x20000074   Section        4  bsp_iwdg.o(.data)
    .data                                    0x20000078   Section        4  stdout.o(.data)
    .bss                                     0x2000007c   Section       72  main.o(.bss)
    .bss                                     0x200000c4   Section     3300  bsp_adc.o(.bss)
    STACK                                    0x20000da8   Section     1024  startup_stm32f10x_hd.o(STACK)

    Global Symbols

    Symbol Name                              Value     Ov Type        Size  Object(Section)

    BuildAttributes$$THM_ISAv4$P$D$K$B$S$PE$A:L22UL41UL21$X:L11$S22US41US21$IEEE1$IW$USESV6$~STKCKD$USESV7$~SHL$OTIME$ROPI$EBA8$MICROLIB$REQ8$PRES8$EABIv2 0x00000000   Number         0  anon$$obj.o ABSOLUTE
    __ARM_use_no_argv                        0x00000000   Number         0  main.o ABSOLUTE
    _printf_a                                0x00000000   Number         0  stubs.o ABSOLUTE
    _printf_c                                0x00000000   Number         0  stubs.o ABSOLUTE
    _printf_charcount                        0x00000000   Number         0  stubs.o ABSOLUTE
    _printf_d                                0x00000000   Number         0  stubs.o ABSOLUTE
    _printf_e                                0x00000000   Number         0  stubs.o ABSOLUTE
    _printf_f                                0x00000000   Number         0  stubs.o ABSOLUTE
    _printf_flags                            0x00000000   Number         0  stubs.o ABSOLUTE
    _printf_fp_dec                           0x00000000   Number         0  stubs.o ABSOLUTE
    _printf_fp_hex                           0x00000000   Number         0  stubs.o ABSOLUTE
    _printf_g                                0x00000000   Number         0  stubs.o ABSOLUTE
    _printf_i                                0x00000000   Number         0  stubs.o ABSOLUTE
    _printf_int_dec                          0x00000000   Number         0  stubs.o ABSOLUTE
    _printf_l                                0x00000000   Number         0  stubs.o ABSOLUTE
    _printf_lc                               0x00000000   Number         0  stubs.o ABSOLUTE
    _printf_ll                               0x00000000   Number         0  stubs.o ABSOLUTE
    _printf_lld                              0x00000000   Number         0  stubs.o ABSOLUTE
    _printf_lli                              0x00000000   Number         0  stubs.o ABSOLUTE
    _printf_llo                              0x00000000   Number         0  stubs.o ABSOLUTE
    _printf_llu                              0x00000000   Number         0  stubs.o ABSOLUTE
    _printf_llx                              0x00000000   Number         0  stubs.o ABSOLUTE
    _printf_longlong_dec                     0x00000000   Number         0  stubs.o ABSOLUTE
    _printf_longlong_hex                     0x00000000   Number         0  stubs.o ABSOLUTE
    _printf_longlong_oct                     0x00000000   Number         0  stubs.o ABSOLUTE
    _printf_ls                               0x00000000   Number         0  stubs.o ABSOLUTE
    _printf_mbtowc                           0x00000000   Number         0  stubs.o ABSOLUTE
    _printf_n                                0x00000000   Number         0  stubs.o ABSOLUTE
    _printf_o                                0x00000000   Number         0  stubs.o ABSOLUTE
    _printf_p                                0x00000000   Number         0  stubs.o ABSOLUTE
    _printf_percent                          0x00000000   Number         0  stubs.o ABSOLUTE
    _printf_pre_padding                      0x00000000   Number         0  stubs.o ABSOLUTE
    _printf_return_value                     0x00000000   Number         0  stubs.o ABSOLUTE
    _printf_s                                0x00000000   Number         0  stubs.o ABSOLUTE
    _printf_sizespec                         0x00000000   Number         0  stubs.o ABSOLUTE
    _printf_str                              0x00000000   Number         0  stubs.o ABSOLUTE
    _printf_truncate_signed                  0x00000000   Number         0  stubs.o ABSOLUTE
    _printf_truncate_unsigned                0x00000000   Number         0  stubs.o ABSOLUTE
    _printf_u                                0x00000000   Number         0  stubs.o ABSOLUTE
    _printf_wc                               0x00000000   Number         0  stubs.o ABSOLUTE
    _printf_wctomb                           0x00000000   Number         0  stubs.o ABSOLUTE
    _printf_widthprec                        0x00000000   Number         0  stubs.o ABSOLUTE
    _printf_x                                0x00000000   Number         0  stubs.o ABSOLUTE
    __cpp_initialize__aeabi_                  - Undefined Weak Reference
    __cxa_finalize                            - Undefined Weak Reference
    __decompress                              - Undefined Weak Reference
    _clock_init                               - Undefined Weak Reference
    _microlib_exit                            - Undefined Weak Reference
    __Vectors_Size                           0x00000130   Number         0  startup_stm32f10x_hd.o ABSOLUTE
    __Vectors                                0x08000000   Data           4  startup_stm32f10x_hd.o(RESET)
    __Vectors_End                            0x08000130   Data           0  startup_stm32f10x_hd.o(RESET)
    __main                                   0x08000131   Thumb Code     0  entry.o(.ARM.Collect$$$$00000000)
    _main_stk                                0x08000131   Thumb Code     0  entry2.o(.ARM.Collect$$$$00000001)
    _main_scatterload                        0x08000135   Thumb Code     0  entry5.o(.ARM.Collect$$$$00000004)
    __main_after_scatterload                 0x08000139   Thumb Code     0  entry5.o(.ARM.Collect$$$$00000004)
    _main_clock                              0x08000139   Thumb Code     0  entry7b.o(.ARM.Collect$$$$00000008)
    _main_cpp_init                           0x08000139   Thumb Code     0  entry8b.o(.ARM.Collect$$$$0000000A)
    _main_init                               0x08000139   Thumb Code     0  entry9a.o(.ARM.Collect$$$$0000000B)
    __rt_final_cpp                           0x08000141   Thumb Code     0  entry10a.o(.ARM.Collect$$$$0000000D)
    __rt_final_exit                          0x08000141   Thumb Code     0  entry11a.o(.ARM.Collect$$$$0000000F)
    Reset_Handler                            0x08000145   Thumb Code     8  startup_stm32f10x_hd.o(.text)
    ADC3_IRQHandler                          0x0800015f   Thumb Code     0  startup_stm32f10x_hd.o(.text)
    CAN1_RX1_IRQHandler                      0x0800015f   Thumb Code     0  startup_stm32f10x_hd.o(.text)
    CAN1_SCE_IRQHandler                      0x0800015f   Thumb Code     0  startup_stm32f10x_hd.o(.text)
    DMA1_Channel1_IRQHandler                 0x0800015f   Thumb Code     0  startup_stm32f10x_hd.o(.text)
    DMA1_Channel2_IRQHandler                 0x0800015f   Thumb Code     0  startup_stm32f10x_hd.o(.text)
    DMA1_Channel3_IRQHandler                 0x0800015f   Thumb Code     0  startup_stm32f10x_hd.o(.text)
    DMA1_Channel4_IRQHandler                 0x0800015f   Thumb Code     0  startup_stm32f10x_hd.o(.text)
    DMA1_Channel5_IRQHandler                 0x0800015f   Thumb Code     0  startup_stm32f10x_hd.o(.text)
    DMA1_Channel6_IRQHandler                 0x0800015f   Thumb Code     0  startup_stm32f10x_hd.o(.text)
    DMA1_Channel7_IRQHandler                 0x0800015f   Thumb Code     0  startup_stm32f10x_hd.o(.text)
    DMA2_Channel1_IRQHandler                 0x0800015f   Thumb Code     0  startup_stm32f10x_hd.o(.text)
    DMA2_Channel2_IRQHandler                 0x0800015f   Thumb Code     0  startup_stm32f10x_hd.o(.text)
    DMA2_Channel3_IRQHandler                 0x0800015f   Thumb Code     0  startup_stm32f10x_hd.o(.text)
    DMA2_Channel4_5_IRQHandler               0x0800015f   Thumb Code     0  startup_stm32f10x_hd.o(.text)
    EXTI0_IRQHandler                         0x0800015f   Thumb Code     0  startup_stm32f10x_hd.o(.text)
    EXTI15_10_IRQHandler                     0x0800015f   Thumb Code     0  startup_stm32f10x_hd.o(.text)
    EXTI1_IRQHandler                         0x0800015f   Thumb Code     0  startup_stm32f10x_hd.o(.text)
    EXTI2_IRQHandler                         0x0800015f   Thumb Code     0  startup_stm32f10x_hd.o(.text)
    EXTI3_IRQHandler                         0x0800015f   Thumb Code     0  startup_stm32f10x_hd.o(.text)
    EXTI4_IRQHandler                         0x0800015f   Thumb Code     0  startup_stm32f10x_hd.o(.text)
    EXTI9_5_IRQHandler                       0x0800015f   Thumb Code     0  startup_stm32f10x_hd.o(.text)
    FLASH_IRQHandler                         0x0800015f   Thumb Code     0  startup_stm32f10x_hd.o(.text)
    FSMC_IRQHandler                          0x0800015f   Thumb Code     0  startup_stm32f10x_hd.o(.text)
    I2C1_ER_IRQHandler                       0x0800015f   Thumb Code     0  startup_stm32f10x_hd.o(.text)
    I2C1_EV_IRQHandler                       0x0800015f   Thumb Code     0  startup_stm32f10x_hd.o(.text)
    I2C2_ER_IRQHandler                       0x0800015f   Thumb Code     0  startup_stm32f10x_hd.o(.text)
    I2C2_EV_IRQHandler                       0x0800015f   Thumb Code     0  startup_stm32f10x_hd.o(.text)
    PVD_IRQHandler                           0x0800015f   Thumb Code     0  startup_stm32f10x_hd.o(.text)
    RCC_IRQHandler                           0x0800015f   Thumb Code     0  startup_stm32f10x_hd.o(.text)
    RTCAlarm_IRQHandler                      0x0800015f   Thumb Code     0  startup_stm32f10x_hd.o(.text)
    RTC_IRQHandler                           0x0800015f   Thumb Code     0  startup_stm32f10x_hd.o(.text)
    SDIO_IRQHandler                          0x0800015f   Thumb Code     0  startup_stm32f10x_hd.o(.text)
    SPI1_IRQHandler                          0x0800015f   Thumb Code     0  startup_stm32f10x_hd.o(.text)
    SPI2_IRQHandler                          0x0800015f   Thumb Code     0  startup_stm32f10x_hd.o(.text)
    SPI3_IRQHandler                          0x0800015f   Thumb Code     0  startup_stm32f10x_hd.o(.text)
    TAMPER_IRQHandler                        0x0800015f   Thumb Code     0  startup_stm32f10x_hd.o(.text)
    TIM1_BRK_IRQHandler                      0x0800015f   Thumb Code     0  startup_stm32f10x_hd.o(.text)
    TIM1_CC_IRQHandler                       0x0800015f   Thumb Code     0  startup_stm32f10x_hd.o(.text)
    TIM1_TRG_COM_IRQHandler                  0x0800015f   Thumb Code     0  startup_stm32f10x_hd.o(.text)
    TIM1_UP_IRQHandler                       0x0800015f   Thumb Code     0  startup_stm32f10x_hd.o(.text)
    TIM2_IRQHandler                          0x0800015f   Thumb Code     0  startup_stm32f10x_hd.o(.text)
    TIM3_IRQHandler                          0x0800015f   Thumb Code     0  startup_stm32f10x_hd.o(.text)
    TIM4_IRQHandler                          0x0800015f   Thumb Code     0  startup_stm32f10x_hd.o(.text)
    TIM5_IRQHandler                          0x0800015f   Thumb Code     0  startup_stm32f10x_hd.o(.text)
    TIM6_IRQHandler                          0x0800015f   Thumb Code     0  startup_stm32f10x_hd.o(.text)
    TIM7_IRQHandler                          0x0800015f   Thumb Code     0  startup_stm32f10x_hd.o(.text)
    TIM8_BRK_IRQHandler                      0x0800015f   Thumb Code     0  startup_stm32f10x_hd.o(.text)
    TIM8_CC_IRQHandler                       0x0800015f   Thumb Code     0  startup_stm32f10x_hd.o(.text)
    TIM8_TRG_COM_IRQHandler                  0x0800015f   Thumb Code     0  startup_stm32f10x_hd.o(.text)
    TIM8_UP_IRQHandler                       0x0800015f   Thumb Code     0  startup_stm32f10x_hd.o(.text)
    UART4_IRQHandler                         0x0800015f   Thumb Code     0  startup_stm32f10x_hd.o(.text)
    UART5_IRQHandler                         0x0800015f   Thumb Code     0  startup_stm32f10x_hd.o(.text)
    USART1_IRQHandler                        0x0800015f   Thumb Code     0  startup_stm32f10x_hd.o(.text)
    USART2_IRQHandler                        0x0800015f   Thumb Code     0  startup_stm32f10x_hd.o(.text)
    USART3_IRQHandler                        0x0800015f   Thumb Code     0  startup_stm32f10x_hd.o(.text)
    USBWakeUp_IRQHandler                     0x0800015f   Thumb Code     0  startup_stm32f10x_hd.o(.text)
    USB_HP_CAN1_TX_IRQHandler                0x0800015f   Thumb Code     0  startup_stm32f10x_hd.o(.text)
    WWDG_IRQHandler                          0x0800015f   Thumb Code     0  startup_stm32f10x_hd.o(.text)
    SystemInit                               0x08000247   Thumb Code    78  system_stm32f10x.o(.text)
    SystemCoreClockUpdate                    0x08000295   Thumb Code   142  system_stm32f10x.o(.text)
    NVIC_PriorityGroupConfig                 0x08000349   Thumb Code    10  misc.o(.text)
    NVIC_Init                                0x08000353   Thumb Code   100  misc.o(.text)
    NVIC_SetVectorTable                      0x080003b7   Thumb Code    14  misc.o(.text)
    NVIC_SystemLPConfig                      0x080003c5   Thumb Code    34  misc.o(.text)
    SysTick_CLKSourceConfig                  0x080003e7   Thumb Code    40  misc.o(.text)
    ADC_DeInit                               0x08000425   Thumb Code    78  stm32f10x_adc.o(.text)
    ADC_Init                                 0x08000473   Thumb Code    70  stm32f10x_adc.o(.text)
    ADC_StructInit                           0x080004b9   Thumb Code    18  stm32f10x_adc.o(.text)
    ADC_Cmd                                  0x080004cb   Thumb Code    22  stm32f10x_adc.o(.text)
    ADC_DMACmd                               0x080004e1   Thumb Code    22  stm32f10x_adc.o(.text)
    ADC_ITConfig                             0x080004f7   Thumb Code    24  stm32f10x_adc.o(.text)
    ADC_ResetCalibration                     0x0800050f   Thumb Code    10  stm32f10x_adc.o(.text)
    ADC_GetResetCalibrationStatus            0x08000519   Thumb Code    20  stm32f10x_adc.o(.text)
    ADC_StartCalibration                     0x0800052d   Thumb Code    10  stm32f10x_adc.o(.text)
    ADC_GetCalibrationStatus                 0x08000537   Thumb Code    20  stm32f10x_adc.o(.text)
    ADC_SoftwareStartConvCmd                 0x0800054b   Thumb Code    22  stm32f10x_adc.o(.text)
    ADC_GetSoftwareStartConvStatus           0x08000561   Thumb Code    20  stm32f10x_adc.o(.text)
    ADC_DiscModeChannelCountConfig           0x08000575   Thumb Code    24  stm32f10x_adc.o(.text)
    ADC_DiscModeCmd                          0x0800058d   Thumb Code    22  stm32f10x_adc.o(.text)
    ADC_RegularChannelConfig                 0x080005a3   Thumb Code   184  stm32f10x_adc.o(.text)
    ADC_ExternalTrigConvCmd                  0x0800065b   Thumb Code    22  stm32f10x_adc.o(.text)
    ADC_GetConversionValue                   0x08000671   Thumb Code     8  stm32f10x_adc.o(.text)
    ADC_GetDualModeConversionValue           0x08000679   Thumb Code     8  stm32f10x_adc.o(.text)
    ADC_AutoInjectedConvCmd                  0x08000681   Thumb Code    22  stm32f10x_adc.o(.text)
    ADC_InjectedDiscModeCmd                  0x08000697   Thumb Code    22  stm32f10x_adc.o(.text)
    ADC_ExternalTrigInjectedConvConfig       0x080006ad   Thumb Code    16  stm32f10x_adc.o(.text)
    ADC_ExternalTrigInjectedConvCmd          0x080006bd   Thumb Code    22  stm32f10x_adc.o(.text)
    ADC_SoftwareStartInjectedConvCmd         0x080006d3   Thumb Code    22  stm32f10x_adc.o(.text)
    ADC_GetSoftwareStartInjectedConvCmdStatus 0x080006e9   Thumb Code    20  stm32f10x_adc.o(.text)
    ADC_InjectedChannelConfig                0x080006fd   Thumb Code   130  stm32f10x_adc.o(.text)
    ADC_InjectedSequencerLengthConfig        0x0800077f   Thumb Code    24  stm32f10x_adc.o(.text)
    ADC_SetInjectedOffset                    0x08000797   Thumb Code    20  stm32f10x_adc.o(.text)
    ADC_GetInjectedConversionValue           0x080007ab   Thumb Code    28  stm32f10x_adc.o(.text)
    ADC_AnalogWatchdogCmd                    0x080007c7   Thumb Code    16  stm32f10x_adc.o(.text)
    ADC_AnalogWatchdogThresholdsConfig       0x080007d7   Thumb Code     6  stm32f10x_adc.o(.text)
    ADC_AnalogWatchdogSingleChannelConfig    0x080007dd   Thumb Code    16  stm32f10x_adc.o(.text)
    ADC_TempSensorVrefintCmd                 0x080007ed   Thumb Code    64  stm32f10x_adc.o(.text)
    ADC_GetFlagStatus                        0x0800082d   Thumb Code    18  stm32f10x_adc.o(.text)
    ADC_ClearFlag                            0x0800083f   Thumb Code     6  stm32f10x_adc.o(.text)
    ADC_GetITStatus                          0x08000845   Thumb Code    36  stm32f10x_adc.o(.text)
    ADC_ClearITPendingBit                    0x08000869   Thumb Code    10  stm32f10x_adc.o(.text)
    CAN_DeInit                               0x08000875   Thumb Code    50  stm32f10x_can.o(.text)
    CAN_Init                                 0x080008a7   Thumb Code   276  stm32f10x_can.o(.text)
    CAN_FilterInit                           0x080009bb   Thumb Code   258  stm32f10x_can.o(.text)
    CAN_StructInit                           0x08000abd   Thumb Code    32  stm32f10x_can.o(.text)
    CAN_SlaveStartBank                       0x08000add   Thumb Code    48  stm32f10x_can.o(.text)
    CAN_DBGFreeze                            0x08000b0d   Thumb Code    22  stm32f10x_can.o(.text)
    CAN_TTComModeCmd                         0x08000b23   Thumb Code   118  stm32f10x_can.o(.text)
    CAN_Transmit                             0x08000b99   Thumb Code   304  stm32f10x_can.o(.text)
    CAN_TransmitStatus                       0x08000cc9   Thumb Code   138  stm32f10x_can.o(.text)
    CAN_CancelTransmit                       0x08000d53   Thumb Code    48  stm32f10x_can.o(.text)
    CAN_Receive                              0x08000d83   Thumb Code   240  stm32f10x_can.o(.text)
    CAN_FIFORelease                          0x08000e73   Thumb Code    22  stm32f10x_can.o(.text)
    CAN_MessagePending                       0x08000e89   Thumb Code    30  stm32f10x_can.o(.text)
    CAN_OperatingModeRequest                 0x08000ea7   Thumb Code   162  stm32f10x_can.o(.text)
    CAN_Sleep                                0x08000f49   Thumb Code    30  stm32f10x_can.o(.text)
    CAN_WakeUp                               0x08000f67   Thumb Code    48  stm32f10x_can.o(.text)
    CAN_GetLastErrorCode                     0x08000f97   Thumb Code    12  stm32f10x_can.o(.text)
    CAN_GetReceiveErrorCounter               0x08000fa3   Thumb Code    10  stm32f10x_can.o(.text)
    CAN_GetLSBTransmitErrorCounter           0x08000fad   Thumb Code    12  stm32f10x_can.o(.text)
    CAN_ITConfig                             0x08000fb9   Thumb Code    18  stm32f10x_can.o(.text)
    CAN_GetFlagStatus                        0x08000fcb   Thumb Code   120  stm32f10x_can.o(.text)
    CAN_ClearFlag                            0x08001043   Thumb Code    52  stm32f10x_can.o(.text)
    CAN_GetITStatus                          0x08001089   Thumb Code   310  stm32f10x_can.o(.text)
    CAN_ClearITPendingBit                    0x080011bf   Thumb Code   162  stm32f10x_can.o(.text)
    DAC_DeInit                               0x08001265   Thumb Code    22  stm32f10x_dac.o(.text)
    DAC_Init                                 0x0800127b   Thumb Code    46  stm32f10x_dac.o(.text)
    DAC_StructInit                           0x080012a9   Thumb Code    12  stm32f10x_dac.o(.text)
    DAC_Cmd                                  0x080012b5   Thumb Code    34  stm32f10x_dac.o(.text)
    DAC_DMACmd                               0x080012d7   Thumb Code    38  stm32f10x_dac.o(.text)
    DAC_SoftwareTriggerCmd                   0x080012fd   Thumb Code    48  stm32f10x_dac.o(.text)
    DAC_DualSoftwareTriggerCmd               0x0800132d   Thumb Code    38  stm32f10x_dac.o(.text)
    DAC_WaveGenerationCmd                    0x08001353   Thumb Code    36  stm32f10x_dac.o(.text)
    DAC_SetChannel1Data                      0x08001377   Thumb Code    26  stm32f10x_dac.o(.text)
    DAC_SetChannel2Data                      0x08001391   Thumb Code    26  stm32f10x_dac.o(.text)
    DAC_SetDualChannelData                   0x080013ab   Thumb Code    32  stm32f10x_dac.o(.text)
    DAC_GetDataOutputValue                   0x080013cb   Thumb Code    32  stm32f10x_dac.o(.text)
    GPIO_DeInit                              0x080013f1   Thumb Code   172  stm32f10x_gpio.o(.text)
    GPIO_AFIODeInit                          0x0800149d   Thumb Code    20  stm32f10x_gpio.o(.text)
    GPIO_Init                                0x080014b1   Thumb Code   278  stm32f10x_gpio.o(.text)
    GPIO_StructInit                          0x080015c7   Thumb Code    16  stm32f10x_gpio.o(.text)
    GPIO_ReadInputDataBit                    0x080015d7   Thumb Code    18  stm32f10x_gpio.o(.text)
    GPIO_ReadInputData                       0x080015e9   Thumb Code     8  stm32f10x_gpio.o(.text)
    GPIO_ReadOutputDataBit                   0x080015f1   Thumb Code    18  stm32f10x_gpio.o(.text)
    GPIO_ReadOutputData                      0x08001603   Thumb Code     8  stm32f10x_gpio.o(.text)
    GPIO_SetBits                             0x0800160b   Thumb Code     4  stm32f10x_gpio.o(.text)
    GPIO_ResetBits                           0x0800160f   Thumb Code     4  stm32f10x_gpio.o(.text)
    GPIO_WriteBit                            0x08001613   Thumb Code    10  stm32f10x_gpio.o(.text)
    GPIO_Write                               0x0800161d   Thumb Code     4  stm32f10x_gpio.o(.text)
    GPIO_PinLockConfig                       0x08001621   Thumb Code    18  stm32f10x_gpio.o(.text)
    GPIO_EventOutputConfig                   0x08001633   Thumb Code    26  stm32f10x_gpio.o(.text)
    GPIO_EventOutputCmd                      0x0800164d   Thumb Code     6  stm32f10x_gpio.o(.text)
    GPIO_PinRemapConfig                      0x08001653   Thumb Code   138  stm32f10x_gpio.o(.text)
    GPIO_EXTILineConfig                      0x080016dd   Thumb Code    66  stm32f10x_gpio.o(.text)
    GPIO_ETH_MediaInterfaceConfig            0x0800171f   Thumb Code     8  stm32f10x_gpio.o(.text)
    IWDG_WriteAccessCmd                      0x0800174d   Thumb Code     6  stm32f10x_iwdg.o(.text)
    IWDG_SetPrescaler                        0x08001753   Thumb Code     6  stm32f10x_iwdg.o(.text)
    IWDG_SetReload                           0x08001759   Thumb Code     6  stm32f10x_iwdg.o(.text)
    IWDG_ReloadCounter                       0x0800175f   Thumb Code    10  stm32f10x_iwdg.o(.text)
    IWDG_Enable                              0x08001769   Thumb Code    10  stm32f10x_iwdg.o(.text)
    IWDG_GetFlagStatus                       0x08001773   Thumb Code    20  stm32f10x_iwdg.o(.text)
    RCC_DeInit                               0x0800178d   Thumb Code    64  stm32f10x_rcc.o(.text)
    RCC_HSEConfig                            0x080017cd   Thumb Code    70  stm32f10x_rcc.o(.text)
    RCC_GetFlagStatus                        0x08001813   Thumb Code    56  stm32f10x_rcc.o(.text)
    RCC_WaitForHSEStartUp                    0x0800184b   Thumb Code    56  stm32f10x_rcc.o(.text)
    RCC_AdjustHSICalibrationValue            0x08001883   Thumb Code    20  stm32f10x_rcc.o(.text)
    RCC_HSICmd                               0x08001897   Thumb Code     6  stm32f10x_rcc.o(.text)
    RCC_PLLConfig                            0x0800189d   Thumb Code    24  stm32f10x_rcc.o(.text)
    RCC_PLLCmd                               0x080018b5   Thumb Code     6  stm32f10x_rcc.o(.text)
    RCC_SYSCLKConfig                         0x080018bb   Thumb Code    18  stm32f10x_rcc.o(.text)
    RCC_GetSYSCLKSource                      0x080018cd   Thumb Code    10  stm32f10x_rcc.o(.text)
    RCC_HCLKConfig                           0x080018d7   Thumb Code    18  stm32f10x_rcc.o(.text)
    RCC_PCLK1Config                          0x080018e9   Thumb Code    18  stm32f10x_rcc.o(.text)
    RCC_PCLK2Config                          0x080018fb   Thumb Code    20  stm32f10x_rcc.o(.text)
    RCC_ITConfig                             0x0800190f   Thumb Code    26  stm32f10x_rcc.o(.text)
    RCC_USBCLKConfig                         0x08001929   Thumb Code     8  stm32f10x_rcc.o(.text)
    RCC_ADCCLKConfig                         0x08001931   Thumb Code    18  stm32f10x_rcc.o(.text)
    RCC_LSEConfig                            0x08001943   Thumb Code    50  stm32f10x_rcc.o(.text)
    RCC_LSICmd                               0x08001975   Thumb Code     6  stm32f10x_rcc.o(.text)
    RCC_RTCCLKConfig                         0x0800197b   Thumb Code    12  stm32f10x_rcc.o(.text)
    RCC_RTCCLKCmd                            0x08001987   Thumb Code     8  stm32f10x_rcc.o(.text)
    RCC_GetClocksFreq                        0x0800198f   Thumb Code   192  stm32f10x_rcc.o(.text)
    RCC_AHBPeriphClockCmd                    0x08001a4f   Thumb Code    26  stm32f10x_rcc.o(.text)
    RCC_APB2PeriphClockCmd                   0x08001a69   Thumb Code    26  stm32f10x_rcc.o(.text)
    RCC_APB1PeriphClockCmd                   0x08001a83   Thumb Code    26  stm32f10x_rcc.o(.text)
    RCC_APB2PeriphResetCmd                   0x08001a9d   Thumb Code    26  stm32f10x_rcc.o(.text)
    RCC_APB1PeriphResetCmd                   0x08001ab7   Thumb Code    26  stm32f10x_rcc.o(.text)
    RCC_BackupResetCmd                       0x08001ad1   Thumb Code     8  stm32f10x_rcc.o(.text)
    RCC_ClockSecuritySystemCmd               0x08001ad9   Thumb Code     6  stm32f10x_rcc.o(.text)
    RCC_MCOConfig                            0x08001adf   Thumb Code     6  stm32f10x_rcc.o(.text)
    RCC_ClearFlag                            0x08001ae5   Thumb Code    14  stm32f10x_rcc.o(.text)
    RCC_GetITStatus                          0x08001af3   Thumb Code    20  stm32f10x_rcc.o(.text)
    RCC_ClearITPendingBit                    0x08001b07   Thumb Code     6  stm32f10x_rcc.o(.text)
    USART_DeInit                             0x08001b31   Thumb Code   134  stm32f10x_usart.o(.text)
    USART_Init                               0x08001bb7   Thumb Code   210  stm32f10x_usart.o(.text)
    USART_StructInit                         0x08001c89   Thumb Code    24  stm32f10x_usart.o(.text)
    USART_ClockInit                          0x08001ca1   Thumb Code    34  stm32f10x_usart.o(.text)
    USART_ClockStructInit                    0x08001cc3   Thumb Code    12  stm32f10x_usart.o(.text)
    USART_Cmd                                0x08001ccf   Thumb Code    24  stm32f10x_usart.o(.text)
    USART_ITConfig                           0x08001ce7   Thumb Code    74  stm32f10x_usart.o(.text)
    USART_DMACmd                             0x08001d31   Thumb Code    18  stm32f10x_usart.o(.text)
    USART_SetAddress                         0x08001d43   Thumb Code    18  stm32f10x_usart.o(.text)
    USART_WakeUpConfig                       0x08001d55   Thumb Code    18  stm32f10x_usart.o(.text)
    USART_ReceiverWakeUpCmd                  0x08001d67   Thumb Code    24  stm32f10x_usart.o(.text)
    USART_LINBreakDetectLengthConfig         0x08001d7f   Thumb Code    18  stm32f10x_usart.o(.text)
    USART_LINCmd                             0x08001d91   Thumb Code    24  stm32f10x_usart.o(.text)
    USART_SendData                           0x08001da9   Thumb Code     8  stm32f10x_usart.o(.text)
    USART_ReceiveData                        0x08001db1   Thumb Code    10  stm32f10x_usart.o(.text)
    USART_SendBreak                          0x08001dbb   Thumb Code    10  stm32f10x_usart.o(.text)
    USART_SetGuardTime                       0x08001dc5   Thumb Code    16  stm32f10x_usart.o(.text)
    USART_SetPrescaler                       0x08001dd5   Thumb Code    16  stm32f10x_usart.o(.text)
    USART_SmartCardCmd                       0x08001de5   Thumb Code    24  stm32f10x_usart.o(.text)
    USART_SmartCardNACKCmd                   0x08001dfd   Thumb Code    24  stm32f10x_usart.o(.text)
    USART_HalfDuplexCmd                      0x08001e15   Thumb Code    24  stm32f10x_usart.o(.text)
    USART_OverSampling8Cmd                   0x08001e2d   Thumb Code    22  stm32f10x_usart.o(.text)
    USART_OneBitMethodCmd                    0x08001e43   Thumb Code    24  stm32f10x_usart.o(.text)
    USART_IrDAConfig                         0x08001e5b   Thumb Code    18  stm32f10x_usart.o(.text)
    USART_IrDACmd                            0x08001e6d   Thumb Code    24  stm32f10x_usart.o(.text)
    USART_GetFlagStatus                      0x08001e85   Thumb Code    26  stm32f10x_usart.o(.text)
    USART_ClearFlag                          0x08001e9f   Thumb Code    18  stm32f10x_usart.o(.text)
    USART_GetITStatus                        0x08001eb1   Thumb Code    84  stm32f10x_usart.o(.text)
    USART_ClearITPendingBit                  0x08001f05   Thumb Code    52  stm32f10x_usart.o(.text)
    Delay                                    0x08001f39   Thumb Code    18  main.o(.text)
    main                                     0x08001f4b   Thumb Code    54  main.o(.text)
    USB_LP_CAN1_RX0_IRQHandler               0x08001f85   Thumb Code   100  stm32f10x_it.o(.text)
    ADC1_2_IRQHandler                        0x08001fe9   Thumb Code   106  stm32f10x_it.o(.text)
    NMI_Handler                              0x08002053   Thumb Code     2  stm32f10x_it.o(.text)
    HardFault_Handler                        0x08002055   Thumb Code     4  stm32f10x_it.o(.text)
    MemManage_Handler                        0x08002059   Thumb Code     4  stm32f10x_it.o(.text)
    BusFault_Handler                         0x0800205d   Thumb Code     4  stm32f10x_it.o(.text)
    UsageFault_Handler                       0x08002061   Thumb Code     4  stm32f10x_it.o(.text)
    SVC_Handler                              0x08002065   Thumb Code     2  stm32f10x_it.o(.text)
    DebugMon_Handler                         0x08002067   Thumb Code     2  stm32f10x_it.o(.text)
    PendSV_Handler                           0x08002069   Thumb Code     2  stm32f10x_it.o(.text)
    SysTick_Handler                          0x0800206b   Thumb Code     8  stm32f10x_it.o(.text)
    USARTx_Config                            0x08002099   Thumb Code   120  bsp_usart1.o(.text)
    fputc                                    0x08002111   Thumb Code    32  bsp_usart1.o(.text)
    fgetc                                    0x08002131   Thumb Code    26  bsp_usart1.o(.text)
    ADCx_GPIO_Config                         0x08002155   Thumb Code    34  bsp_adc.o(.text)
    ADCx_Init_L                              0x08002229   Thumb Code    16  bsp_adc.o(.text)
    ADC_test                                 0x08002239   Thumb Code   202  bsp_adc.o(.text)
    ADC_test_now                             0x08002303   Thumb Code    24  bsp_adc.o(.text)
    BAT1_ADC_U_Three                         0x0800231b   Thumb Code   332  bsp_adc.o(.text)
    BAT1_ADC_U_Three2                        0x08002467   Thumb Code   402  bsp_adc.o(.text)
    BAT1_ADC_U_Two                           0x080025f9   Thumb Code   466  bsp_adc.o(.text)
    DAC_Output                               0x08002847   Thumb Code    14  bsp_dac.o(.text)
    DAC_Mode_Init                            0x08002855   Thumb Code    14  bsp_dac.o(.text)
    BSP_LED_Init                             0x080028c5   Thumb Code     8  bsp_led1.o(.text)
    BAT_SW_GPIO_Config                       0x080028d9   Thumb Code   160  bsp_sw.o(.text)
    SysTick_Init                             0x08002981   Thumb Code   106  bsp_systick.o(.text)
    Delay_us                                 0x080029eb   Thumb Code    36  bsp_systick.o(.text)
    TimingDelay_Decrement                    0x08002a0f   Thumb Code    18  bsp_systick.o(.text)
    CAN_Config                               0x08002b35   Thumb Code    20  can.o(.text)
    CAN_SetMsg                               0x08002b49   Thumb Code    40  can.o(.text)
    CAN_SetData                              0x08002b71   Thumb Code    54  can.o(.text)
    IWDG_Init                                0x08002bb5   Thumb Code    46  bsp_iwdg.o(.text)
    __aeabi_fdiv                             0x08002be9   Thumb Code   124  fdiv.o(.text)
    __aeabi_i2f                              0x08002c65   Thumb Code    18  fflti.o(.text)
    __aeabi_ui2f                             0x08002c77   Thumb Code    10  ffltui.o(.text)
    __aeabi_f2uiz                            0x08002c81   Thumb Code    40  ffixui.o(.text)
    __aeabi_uidiv                            0x08002ca9   Thumb Code     0  uidiv.o(.text)
    __aeabi_uidivmod                         0x08002ca9   Thumb Code    44  uidiv.o(.text)
    __aeabi_uldivmod                         0x08002cd5   Thumb Code    98  uldiv.o(.text)
    __I$use$fp                               0x08002d37   Thumb Code     0  iusefp.o(.text)
    _float_round                             0x08002d37   Thumb Code    18  fepilogue.o(.text)
    _float_epilogue                          0x08002d49   Thumb Code    92  fepilogue.o(.text)
    __aeabi_dadd                             0x08002da5   Thumb Code   322  dadd.o(.text)
    __aeabi_dsub                             0x08002ee7   Thumb Code     6  dadd.o(.text)
    __aeabi_drsub                            0x08002eed   Thumb Code     6  dadd.o(.text)
    __aeabi_dmul                             0x08002ef3   Thumb Code   228  dmul.o(.text)
    __aeabi_ddiv                             0x08002fd7   Thumb Code   222  ddiv.o(.text)
    __aeabi_d2ulz                            0x080030b5   Thumb Code    48  dfixul.o(.text)
    __aeabi_cdrcmple                         0x080030e5   Thumb Code    48  cdrcmple.o(.text)
    __scatterload                            0x08003115   Thumb Code    28  init.o(.text)
    __scatterload_rt2                        0x08003115   Thumb Code     0  init.o(.text)
    __aeabi_llsl                             0x08003139   Thumb Code    30  llshl.o(.text)
    _ll_shift_l                              0x08003139   Thumb Code     0  llshl.o(.text)
    __aeabi_llsr                             0x08003157   Thumb Code    32  llushr.o(.text)
    _ll_ushift_r                             0x08003157   Thumb Code     0  llushr.o(.text)
    __aeabi_lasr                             0x08003177   Thumb Code    36  llsshr.o(.text)
    _ll_sshift_r                             0x08003177   Thumb Code     0  llsshr.o(.text)
    _double_round                            0x0800319b   Thumb Code    30  depilogue.o(.text)
    _double_epilogue                         0x080031b9   Thumb Code   156  depilogue.o(.text)
    __0printf                                0x08003255   Thumb Code    22  printfa.o(i.__0printf)
    __1printf                                0x08003255   Thumb Code     0  printfa.o(i.__0printf)
    __2printf                                0x08003255   Thumb Code     0  printfa.o(i.__0printf)
    __c89printf                              0x08003255   Thumb Code     0  printfa.o(i.__0printf)
    printf                                   0x08003255   Thumb Code     0  printfa.o(i.__0printf)
    __scatterload_copy                       0x08003275   Thumb Code    14  handlers.o(i.__scatterload_copy)
    __scatterload_null                       0x08003283   Thumb Code     2  handlers.o(i.__scatterload_null)
    __scatterload_zeroinit                   0x08003285   Thumb Code    14  handlers.o(i.__scatterload_zeroinit)
    Region$$Table$$Base                      0x08003b48   Number         0  anon$$obj.o(Region$$Table)
    Region$$Table$$Limit                     0x08003b68   Number         0  anon$$obj.o(Region$$Table)
    SystemCoreClock                          0x20000000   Data           4  system_stm32f10x.o(.data)
    AHBPrescTable                            0x20000004   Data          16  system_stm32f10x.o(.data)
    flag                                     0x20000028   Data           4  main.o(.data)
    flagx                                    0x2000002c   Data           4  main.o(.data)
    Bat1V1                                   0x20000030   Data           4  main.o(.data)
    Bat1V2                                   0x20000034   Data           4  main.o(.data)
    Bat1V3                                   0x20000038   Data           4  main.o(.data)
    Bat1Vt                                   0x2000003c   Data           4  main.o(.data)
    ADC_ConvertedValueLocal                  0x20000040   Data           4  main.o(.data)
    i                                        0x20000044   Data           4  stm32f10x_it.o(.data)
    i_nvic                                   0x20000048   Data           4  stm32f10x_it.o(.data)
    j                                        0x2000004c   Data           4  stm32f10x_it.o(.data)
    BAT1_ADC_Val1                            0x20000050   Data           4  bsp_adc.o(.data)
    BAT1_ADC_Val2                            0x20000054   Data           4  bsp_adc.o(.data)
    BAT1_ADC_Val3                            0x20000058   Data           4  bsp_adc.o(.data)
    BAT1_ADC_Valt                            0x2000005c   Data           4  bsp_adc.o(.data)
    ntimes1                                  0x20000060   Data           4  bsp_adc.o(.data)
    ntimes2                                  0x20000064   Data           4  bsp_adc.o(.data)
    ntimes3                                  0x20000068   Data           4  bsp_adc.o(.data)
    flag1                                    0x2000006c   Data           4  bsp_adc.o(.data)
    LsiFreq                                  0x20000074   Data           4  bsp_iwdg.o(.data)
    __stdout                                 0x20000078   Data           4  stdout.o(.data)
    TxMessage                                0x2000007c   Data          20  main.o(.bss)
    RxMessage                                0x20000090   Data          20  main.o(.bss)
    data1                                    0x200000a4   Data          32  main.o(.bss)
    ADC_ConvertedValue                       0x200000c4   Data         300  bsp_adc.o(.bss)
    ADC_ConvertedValueLocal1                 0x200001f0   Data         600  bsp_adc.o(.bss)
    ADC_ConvertedValueLocal2                 0x20000448   Data         600  bsp_adc.o(.bss)
    ADC_ConvertedValueLocal3                 0x200006a0   Data         600  bsp_adc.o(.bss)
    ADC_ConvertedValueLocalt                 0x200008f8   Data         600  bsp_adc.o(.bss)
    ADC_ConvertedValueLocalt2                0x20000b50   Data         600  bsp_adc.o(.bss)
    __initial_sp                             0x200011a8   Data           0  startup_stm32f10x_hd.o(STACK)



==============================================================================

Memory Map of the image

  Image Entry point : 0x08000131

  Load Region LR_IROM1 (Base: 0x08000000, Size: 0x00003be4, Max: 0x00080000, ABSOLUTE)

    Execution Region ER_IROM1 (Exec base: 0x08000000, Load base: 0x08000000, Size: 0x00003b68, Max: 0x00080000, ABSOLUTE)

    Exec Addr    Load Addr    Size         Type   Attr      Idx    E Section Name        Object

    0x08000000   0x08000000   0x00000130   Data   RO            3    RESET               startup_stm32f10x_hd.o
    0x08000130   0x08000130   0x00000000   Code   RO          592  * .ARM.Collect$$$$00000000  mc_w.l(entry.o)
    0x08000130   0x08000130   0x00000004   Code   RO          864    .ARM.Collect$$$$00000001  mc_w.l(entry2.o)
    0x08000134   0x08000134   0x00000004   Code   RO          867    .ARM.Collect$$$$00000004  mc_w.l(entry5.o)
    0x08000138   0x08000138   0x00000000   Code   RO          869    .ARM.Collect$$$$00000008  mc_w.l(entry7b.o)
    0x08000138   0x08000138   0x00000000   Code   RO          871    .ARM.Collect$$$$0000000A  mc_w.l(entry8b.o)
    0x08000138   0x08000138   0x00000008   Code   RO          872    .ARM.Collect$$$$0000000B  mc_w.l(entry9a.o)
    0x08000140   0x08000140   0x00000000   Code   RO          874    .ARM.Collect$$$$0000000D  mc_w.l(entry10a.o)
    0x08000140   0x08000140   0x00000000   Code   RO          876    .ARM.Collect$$$$0000000F  mc_w.l(entry11a.o)
    0x08000140   0x08000140   0x00000004   Code   RO          865    .ARM.Collect$$$$00002712  mc_w.l(entry2.o)
    0x08000144   0x08000144   0x00000024   Code   RO            4    .text               startup_stm32f10x_hd.o
    0x08000168   0x08000168   0x000001e0   Code   RO           24    .text               system_stm32f10x.o
    0x08000348   0x08000348   0x000000dc   Code   RO          121    .text               misc.o
    0x08000424   0x08000424   0x0000044e   Code   RO          137    .text               stm32f10x_adc.o
    0x08000872   0x08000872   0x00000002   PAD
    0x08000874   0x08000874   0x000009f0   Code   RO          161    .text               stm32f10x_can.o
    0x08001264   0x08001264   0x0000018c   Code   RO          197    .text               stm32f10x_dac.o
    0x080013f0   0x080013f0   0x0000035c   Code   RO          269    .text               stm32f10x_gpio.o
    0x0800174c   0x0800174c   0x00000040   Code   RO          293    .text               stm32f10x_iwdg.o
    0x0800178c   0x0800178c   0x000003a4   Code   RO          317    .text               stm32f10x_rcc.o
    0x08001b30   0x08001b30   0x00000408   Code   RO          379    .text               stm32f10x_usart.o
    0x08001f38   0x08001f38   0x0000004c   Code   RO          403    .text               main.o
    0x08001f84   0x08001f84   0x00000114   Code   RO          448    .text               stm32f10x_it.o
    0x08002098   0x08002098   0x000000bc   Code   RO          467    .text               bsp_usart1.o
    0x08002154   0x08002154   0x000006ac   Code   RO          479    .text               bsp_adc.o
    0x08002800   0x08002800   0x00000068   Code   RO          510    .text               bsp_dac.o
    0x08002868   0x08002868   0x00000070   Code   RO          522    .text               bsp_led1.o
    0x080028d8   0x080028d8   0x000000a8   Code   RO          534    .text               bsp_sw.o
    0x08002980   0x08002980   0x000000b4   Code   RO          546    .text               bsp_systick.o
    0x08002a34   0x08002a34   0x00000180   Code   RO          564    .text               can.o
    0x08002bb4   0x08002bb4   0x00000034   Code   RO          577    .text               bsp_iwdg.o
    0x08002be8   0x08002be8   0x0000007c   Code   RO          856    .text               mf_w.l(fdiv.o)
    0x08002c64   0x08002c64   0x00000012   Code   RO          858    .text               mf_w.l(fflti.o)
    0x08002c76   0x08002c76   0x0000000a   Code   RO          860    .text               mf_w.l(ffltui.o)
    0x08002c80   0x08002c80   0x00000028   Code   RO          862    .text               mf_w.l(ffixui.o)
    0x08002ca8   0x08002ca8   0x0000002c   Code   RO          879    .text               mc_w.l(uidiv.o)
    0x08002cd4   0x08002cd4   0x00000062   Code   RO          881    .text               mc_w.l(uldiv.o)
    0x08002d36   0x08002d36   0x00000000   Code   RO          883    .text               mc_w.l(iusefp.o)
    0x08002d36   0x08002d36   0x0000006e   Code   RO          884    .text               mf_w.l(fepilogue.o)
    0x08002da4   0x08002da4   0x0000014e   Code   RO          886    .text               mf_w.l(dadd.o)
    0x08002ef2   0x08002ef2   0x000000e4   Code   RO          888    .text               mf_w.l(dmul.o)
    0x08002fd6   0x08002fd6   0x000000de   Code   RO          890    .text               mf_w.l(ddiv.o)
    0x080030b4   0x080030b4   0x00000030   Code   RO          892    .text               mf_w.l(dfixul.o)
    0x080030e4   0x080030e4   0x00000030   Code   RO          894    .text               mf_w.l(cdrcmple.o)
    0x08003114   0x08003114   0x00000024   Code   RO          896    .text               mc_w.l(init.o)
    0x08003138   0x08003138   0x0000001e   Code   RO          898    .text               mc_w.l(llshl.o)
    0x08003156   0x08003156   0x00000020   Code   RO          900    .text               mc_w.l(llushr.o)
    0x08003176   0x08003176   0x00000024   Code   RO          902    .text               mc_w.l(llsshr.o)
    0x0800319a   0x0800319a   0x000000ba   Code   RO          904    .text               mf_w.l(depilogue.o)
    0x08003254   0x08003254   0x00000020   Code   RO          828    i.__0printf         mc_w.l(printfa.o)
    0x08003274   0x08003274   0x0000000e   Code   RO          908    i.__scatterload_copy  mc_w.l(handlers.o)
    0x08003282   0x08003282   0x00000002   Code   RO          909    i.__scatterload_null  mc_w.l(handlers.o)
    0x08003284   0x08003284   0x0000000e   Code   RO          910    i.__scatterload_zeroinit  mc_w.l(handlers.o)
    0x08003292   0x08003292   0x00000002   PAD
    0x08003294   0x08003294   0x00000184   Code   RO          835    i._fp_digits        mc_w.l(printfa.o)
    0x08003418   0x08003418   0x000006dc   Code   RO          836    i._printf_core      mc_w.l(printfa.o)
    0x08003af4   0x08003af4   0x00000024   Code   RO          837    i._printf_post_padding  mc_w.l(printfa.o)
    0x08003b18   0x08003b18   0x0000002e   Code   RO          838    i._printf_pre_padding  mc_w.l(printfa.o)
    0x08003b46   0x08003b46   0x00000002   PAD
    0x08003b48   0x08003b48   0x00000020   Data   RO          906    Region$$Table       anon$$obj.o


    Execution Region RW_IRAM1 (Exec base: 0x20000000, Load base: 0x08003b68, Size: 0x000011a8, Max: 0x00010000, ABSOLUTE)

    Exec Addr    Load Addr    Size         Type   Attr      Idx    E Section Name        Object

    0x20000000   0x08003b68   0x00000014   Data   RW           25    .data               system_stm32f10x.o
    0x20000014   0x08003b7c   0x00000014   Data   RW          318    .data               stm32f10x_rcc.o
    0x20000028   0x08003b90   0x0000001c   Data   RW          405    .data               main.o
    0x20000044   0x08003bac   0x0000000c   Data   RW          449    .data               stm32f10x_it.o
    0x20000050   0x08003bb8   0x00000020   Data   RW          481    .data               bsp_adc.o
    0x20000070   0x08003bd8   0x00000004   Data   RW          547    .data               bsp_systick.o
    0x20000074   0x08003bdc   0x00000004   Data   RW          578    .data               bsp_iwdg.o
    0x20000078   0x08003be0   0x00000004   Data   RW          878    .data               mc_w.l(stdout.o)
    0x2000007c        -       0x00000048   Zero   RW          404    .bss                main.o
    0x200000c4        -       0x00000ce4   Zero   RW          480    .bss                bsp_adc.o
    0x20000da8        -       0x00000400   Zero   RW            1    STACK               startup_stm32f10x_hd.o


==============================================================================

Image component sizes


      Code (inc. data)   RO Data    RW Data    ZI Data      Debug   Object Name

      1708        122          0         32       3300       4532   bsp_adc.o
       104          6          0          0          0        879   bsp_dac.o
        52          6          0          4          0       1110   bsp_iwdg.o
       112         12          0          0          0        687   bsp_led1.o
       168          8          0          0          0        609   bsp_sw.o
       180         20          0          4          0      16849   bsp_systick.o
       188         10          0          0          0       1072   bsp_usart1.o
       384         14          0          0          0       1744   can.o
         0          0          0          0          0       4508   core_cm3.o
        76          4          0         28         72       3496   main.o
       220         22          0          0          0       1917   misc.o
        36          8        304          0       1024        900   startup_stm32f10x_hd.o
      1102         26          0          0          0      11157   stm32f10x_adc.o
      2544         38          0          0          0       8144   stm32f10x_can.o
       396          6          0          0          0       3782   stm32f10x_dac.o
       860         38          0          0          0       5849   stm32f10x_gpio.o
       276         38          0         12          0       2560   stm32f10x_it.o
        64          6          0          0          0       1337   stm32f10x_iwdg.o
       932         36          0         20          0       9084   stm32f10x_rcc.o
      1032         22          0          0          0       8576   stm32f10x_usart.o
       480         38          0         20          0     252523   system_stm32f10x.o

    ----------------------------------------------------------------------
     10916        480        336        120       4396     341315   Object Totals
         0          0         32          0          0          0   (incl. Generated)
         2          0          0          0          0          0   (incl. Padding)

    ----------------------------------------------------------------------

      Code (inc. data)   RO Data    RW Data    ZI Data      Debug   Library Member Name

         0          0          0          0          0          0   entry.o
         0          0          0          0          0          0   entry10a.o
         0          0          0          0          0          0   entry11a.o
         8          4          0          0          0          0   entry2.o
         4          0          0          0          0          0   entry5.o
         0          0          0          0          0          0   entry7b.o
         0          0          0          0          0          0   entry8b.o
         8          4          0          0          0          0   entry9a.o
        30          0          0          0          0          0   handlers.o
        36          8          0          0          0         68   init.o
         0          0          0          0          0          0   iusefp.o
        30          0          0          0          0         68   llshl.o
        36          0          0          0          0         68   llsshr.o
        32          0          0          0          0         68   llushr.o
      2258         90          0          0          0        452   printfa.o
         0          0          0          4          0          0   stdout.o
        44          0          0          0          0         80   uidiv.o
        98          0          0          0          0         92   uldiv.o
        48          0          0          0          0         68   cdrcmple.o
       334          0          0          0          0        148   dadd.o
       222          0          0          0          0        100   ddiv.o
       186          0          0          0          0        176   depilogue.o
        48          0          0          0          0         68   dfixul.o
       228          0          0          0          0         96   dmul.o
       124          0          0          0          0         88   fdiv.o
       110          0          0          0          0        168   fepilogue.o
        40          0          0          0          0         68   ffixui.o
        18          0          0          0          0         68   fflti.o
        10          0          0          0          0         68   ffltui.o

    ----------------------------------------------------------------------
      3956        106          0          4          0       2012   Library Totals
         4          0          0          0          0          0   (incl. Padding)

    ----------------------------------------------------------------------

      Code (inc. data)   RO Data    RW Data    ZI Data      Debug   Library Name

      2584        106          0          4          0        896   mc_w.l
      1368          0          0          0          0       1116   mf_w.l

    ----------------------------------------------------------------------
      3956        106          0          4          0       2012   Library Totals

    ----------------------------------------------------------------------

==============================================================================


      Code (inc. data)   RO Data    RW Data    ZI Data      Debug   

     14872        586        336        124       4396     340723   Grand Totals
     14872        586        336        124       4396     340723   ELF Image Totals
     14872        586        336        124          0          0   ROM Totals

==============================================================================

    Total RO  Size (Code + RO Data)                15208 (  14.85kB)
    Total RW  Size (RW Data + ZI Data)              4520 (   4.41kB)
    Total ROM Size (Code + RO Data + RW Data)      15332 (  14.97kB)

==============================================================================

