Component: ARM Compiler 5.06 update 5 (build 528) Tool: armlink [4d35e2]

==============================================================================

Section Cross References

    startup_stm32f10x_hd.o(RESET) refers to startup_stm32f10x_hd.o(STACK) for __initial_sp
    startup_stm32f10x_hd.o(RESET) refers to startup_stm32f10x_hd.o(.text) for Reset_Handler
    startup_stm32f10x_hd.o(RESET) refers to stm32f10x_it.o(.text) for NMI_Handler
    startup_stm32f10x_hd.o(.text) refers to system_stm32f10x.o(.text) for SystemInit
    startup_stm32f10x_hd.o(.text) refers to entry.o(.ARM.Collect$$$$00000000) for __main
    system_stm32f10x.o(.text) refers to system_stm32f10x.o(.data) for SystemCoreClock
    stm32f10x_adc.o(.text) refers to stm32f10x_rcc.o(.text) for RCC_APB2PeriphResetCmd
    stm32f10x_bkp.o(.text) refers to stm32f10x_rcc.o(.text) for RCC_BackupResetCmd
    stm32f10x_can.o(.text) refers to stm32f10x_rcc.o(.text) for RCC_APB1PeriphResetCmd
    stm32f10x_cec.o(.text) refers to stm32f10x_rcc.o(.text) for RCC_APB1PeriphResetCmd
    stm32f10x_dac.o(.text) refers to stm32f10x_rcc.o(.text) for RCC_APB1PeriphResetCmd
    stm32f10x_gpio.o(.text) refers to stm32f10x_rcc.o(.text) for RCC_APB2PeriphResetCmd
    stm32f10x_i2c.o(.text) refers to stm32f10x_rcc.o(.text) for RCC_APB1PeriphResetCmd
    stm32f10x_pwr.o(.text) refers to stm32f10x_rcc.o(.text) for RCC_APB1PeriphResetCmd
    stm32f10x_rcc.o(.text) refers to stm32f10x_rcc.o(.data) for APBAHBPrescTable
    stm32f10x_spi.o(.text) refers to stm32f10x_rcc.o(.text) for RCC_APB2PeriphResetCmd
    stm32f10x_tim.o(.text) refers to stm32f10x_rcc.o(.text) for RCC_APB2PeriphResetCmd
    stm32f10x_usart.o(.text) refers to stm32f10x_rcc.o(.text) for RCC_APB2PeriphResetCmd
    stm32f10x_wwdg.o(.text) refers to stm32f10x_rcc.o(.text) for RCC_APB1PeriphResetCmd
    main.o(.text) refers to bsp_systick.o(.text) for SysTick_Init
    main.o(.text) refers to bsp_usart1.o(.text) for USARTx_Config
    main.o(.text) refers to bsp_dac.o(.text) for DAC_Mode_Init
    main.o(.text) refers to bsp_adc.o(.text) for ADCx_Init
    main.o(.text) refers to bsp_sw.o(.text) for BAT_SW_GPIO_Config
    main.o(.text) refers to bsp_led1.o(.text) for BSP_LED_Init
    main.o(.text) refers to can.o(.text) for CAN_Config
    main.o(.text) refers to stm32f10x_can.o(.text) for CAN_Transmit
    main.o(.text) refers to main.o(.data) for flag
    main.o(.text) refers to bsp_adc.o(.data) for BAT1_ADC_Val1
    main.o(.text) refers to main.o(.bss) for data1
    stm32f10x_it.o(.text) refers to stm32f10x_can.o(.text) for CAN_Receive
    stm32f10x_it.o(.text) refers to bsp_systick.o(.text) for TimingDelay_Decrement
    stm32f10x_it.o(.text) refers to main.o(.bss) for RxMessage
    stm32f10x_it.o(.text) refers to main.o(.data) for flag
    bsp_usart1.o(.text) refers to stm32f10x_rcc.o(.text) for RCC_APB2PeriphClockCmd
    bsp_usart1.o(.text) refers to stm32f10x_gpio.o(.text) for GPIO_Init
    bsp_usart1.o(.text) refers to stm32f10x_usart.o(.text) for USART_Init
    bsp_adc.o(.text) refers to stm32f10x_rcc.o(.text) for RCC_APB2PeriphClockCmd
    bsp_adc.o(.text) refers to stm32f10x_gpio.o(.text) for GPIO_Init
    bsp_adc.o(.text) refers to stm32f10x_dma.o(.text) for DMA_DeInit
    bsp_adc.o(.text) refers to stm32f10x_adc.o(.text) for ADC_Init
    bsp_adc.o(.text) refers to bsp_systick.o(.text) for Delay_us
    bsp_adc.o(.text) refers to fflti.o(.text) for __aeabi_i2f
    bsp_adc.o(.text) refers to ffltui.o(.text) for __aeabi_ui2f
    bsp_adc.o(.text) refers to fdiv.o(.text) for __aeabi_fdiv
    bsp_adc.o(.text) refers to ffixui.o(.text) for __aeabi_f2uiz
    bsp_adc.o(.text) refers to bsp_dac.o(.text) for DAC_Output
    bsp_adc.o(.text) refers to bsp_adc.o(.bss) for ADC_ConvertedValue
    bsp_adc.o(.text) refers to bsp_adc.o(.data) for ntimes1
    bsp_charge.o(.text) refers to stm32f10x_rcc.o(.text) for RCC_APB2PeriphClockCmd
    bsp_charge.o(.text) refers to stm32f10x_gpio.o(.text) for GPIO_Init
    bsp_dac.o(.text) refers to stm32f10x_rcc.o(.text) for RCC_APB2PeriphClockCmd
    bsp_dac.o(.text) refers to stm32f10x_gpio.o(.text) for GPIO_Init
    bsp_dac.o(.text) refers to stm32f10x_dac.o(.text) for DAC_Init
    bsp_led1.o(.text) refers to stm32f10x_rcc.o(.text) for RCC_APB2PeriphClockCmd
    bsp_led1.o(.text) refers to stm32f10x_gpio.o(.text) for GPIO_Init
    bsp_sw.o(.text) refers to stm32f10x_rcc.o(.text) for RCC_APB2PeriphClockCmd
    bsp_sw.o(.text) refers to stm32f10x_gpio.o(.text) for GPIO_Init
    bsp_systick.o(.text) refers to system_stm32f10x.o(.data) for SystemCoreClock
    bsp_systick.o(.text) refers to bsp_systick.o(.data) for TimingDelay
    can.o(.text) refers to stm32f10x_rcc.o(.text) for RCC_APB2PeriphClockCmd
    can.o(.text) refers to stm32f10x_gpio.o(.text) for GPIO_PinRemapConfig
    can.o(.text) refers to misc.o(.text) for NVIC_PriorityGroupConfig
    can.o(.text) refers to stm32f10x_can.o(.text) for CAN_DeInit
    can.o(.text) refers to main.o(.bss) for TxMessage
    entry.o(.ARM.Collect$$$$00000000) refers (Special) to entry10a.o(.ARM.Collect$$$$0000000D) for __rt_final_cpp
    entry.o(.ARM.Collect$$$$00000000) refers (Special) to entry11a.o(.ARM.Collect$$$$0000000F) for __rt_final_exit
    entry.o(.ARM.Collect$$$$00000000) refers (Special) to entry7b.o(.ARM.Collect$$$$00000008) for _main_clock
    entry.o(.ARM.Collect$$$$00000000) refers (Special) to entry8b.o(.ARM.Collect$$$$0000000A) for _main_cpp_init
    entry.o(.ARM.Collect$$$$00000000) refers (Special) to entry9a.o(.ARM.Collect$$$$0000000B) for _main_init
    entry.o(.ARM.Collect$$$$00000000) refers (Special) to entry5.o(.ARM.Collect$$$$00000004) for _main_scatterload
    entry.o(.ARM.Collect$$$$00000000) refers (Special) to entry2.o(.ARM.Collect$$$$00000001) for _main_stk
    fdiv.o(.text) refers (Special) to iusefp.o(.text) for __I$use$fp
    fdiv.o(.text) refers to fepilogue.o(.text) for _float_round
    fflti.o(.text) refers (Special) to iusefp.o(.text) for __I$use$fp
    fflti.o(.text) refers to fepilogue.o(.text) for _float_epilogue
    ffltui.o(.text) refers (Special) to iusefp.o(.text) for __I$use$fp
    ffltui.o(.text) refers to fepilogue.o(.text) for _float_epilogue
    ffixui.o(.text) refers (Special) to iusefp.o(.text) for __I$use$fp
    entry2.o(.ARM.Collect$$$$00000001) refers to entry2.o(.ARM.Collect$$$$00002712) for __lit__00000000
    entry2.o(.ARM.Collect$$$$00002712) refers to startup_stm32f10x_hd.o(STACK) for __initial_sp
    entry2.o(__vectab_stack_and_reset_area) refers to startup_stm32f10x_hd.o(STACK) for __initial_sp
    entry2.o(__vectab_stack_and_reset_area) refers to entry.o(.ARM.Collect$$$$00000000) for __main
    entry5.o(.ARM.Collect$$$$00000004) refers to init.o(.text) for __scatterload
    entry9a.o(.ARM.Collect$$$$0000000B) refers to main.o(.text) for main
    entry9b.o(.ARM.Collect$$$$0000000C) refers to main.o(.text) for main
    init.o(.text) refers to entry5.o(.ARM.Collect$$$$00000004) for __main_after_scatterload


==============================================================================

Removing Unused input sections from the image.

    Removing startup_stm32f10x_hd.o(HEAP), (512 bytes).
    Removing core_cm3.o(.emb_text), (32 bytes).
    Removing stm32f10x_bkp.o(.text), (196 bytes).
    Removing stm32f10x_cec.o(.text), (288 bytes).
    Removing stm32f10x_crc.o(.text), (72 bytes).
    Removing stm32f10x_dbgmcu.o(.text), (48 bytes).
    Removing stm32f10x_exti.o(.text), (284 bytes).
    Removing stm32f10x_flash.o(.text), (1468 bytes).
    Removing stm32f10x_fsmc.o(.text), (1548 bytes).
    Removing stm32f10x_i2c.o(.text), (1028 bytes).
    Removing stm32f10x_iwdg.o(.text), (64 bytes).
    Removing stm32f10x_pwr.o(.text), (204 bytes).
    Removing stm32f10x_rtc.o(.text), (328 bytes).
    Removing stm32f10x_sdio.o(.text), (468 bytes).
    Removing stm32f10x_spi.o(.text), (780 bytes).
    Removing stm32f10x_tim.o(.text), (3610 bytes).
    Removing stm32f10x_wwdg.o(.text), (136 bytes).
    Removing bsp_charge.o(.text), (612 bytes).

18 unused section(s) (total 11678 bytes) removed from the image.

==============================================================================

Image Symbol Table

    Local Symbols

    Symbol Name                              Value     Ov Type        Size  Object(Section)

    ../clib/microlib/init/entry.s            0x00000000   Number         0  entry11b.o ABSOLUTE
    ../clib/microlib/init/entry.s            0x00000000   Number         0  entry11a.o ABSOLUTE
    ../clib/microlib/init/entry.s            0x00000000   Number         0  entry10b.o ABSOLUTE
    ../clib/microlib/init/entry.s            0x00000000   Number         0  entry9b.o ABSOLUTE
    ../clib/microlib/init/entry.s            0x00000000   Number         0  entry9a.o ABSOLUTE
    ../clib/microlib/init/entry.s            0x00000000   Number         0  entry8b.o ABSOLUTE
    ../clib/microlib/init/entry.s            0x00000000   Number         0  entry8a.o ABSOLUTE
    ../clib/microlib/init/entry.s            0x00000000   Number         0  entry7b.o ABSOLUTE
    ../clib/microlib/init/entry.s            0x00000000   Number         0  entry10a.o ABSOLUTE
    ../clib/microlib/init/entry.s            0x00000000   Number         0  entry7a.o ABSOLUTE
    ../clib/microlib/init/entry.s            0x00000000   Number         0  entry5.o ABSOLUTE
    ../clib/microlib/init/entry.s            0x00000000   Number         0  entry2.o ABSOLUTE
    ../clib/microlib/init/entry.s            0x00000000   Number         0  entry.o ABSOLUTE
    ../clib/microlib/stubs.s                 0x00000000   Number         0  iusefp.o ABSOLUTE
    ../fplib/microlib/fpdiv.c                0x00000000   Number         0  fdiv.o ABSOLUTE
    ../fplib/microlib/fpepilogue.c           0x00000000   Number         0  fepilogue.o ABSOLUTE
    ../fplib/microlib/fpfix.c                0x00000000   Number         0  ffixui.o ABSOLUTE
    ../fplib/microlib/fpflt.c                0x00000000   Number         0  ffltui.o ABSOLUTE
    ../fplib/microlib/fpflt.c                0x00000000   Number         0  fflti.o ABSOLUTE
    ..\..\Libraries\CMSIS\core_cm3.c         0x00000000   Number         0  core_cm3.o ABSOLUTE
    ..\..\Libraries\CMSIS\startup\startup_stm32f10x_hd.s 0x00000000   Number         0  startup_stm32f10x_hd.o ABSOLUTE
    ..\..\Libraries\CMSIS\system_stm32f10x.c 0x00000000   Number         0  system_stm32f10x.o ABSOLUTE
    ..\..\Libraries\FWlib\src\misc.c         0x00000000   Number         0  misc.o ABSOLUTE
    ..\..\Libraries\FWlib\src\stm32f10x_adc.c 0x00000000   Number         0  stm32f10x_adc.o ABSOLUTE
    ..\..\Libraries\FWlib\src\stm32f10x_bkp.c 0x00000000   Number         0  stm32f10x_bkp.o ABSOLUTE
    ..\..\Libraries\FWlib\src\stm32f10x_can.c 0x00000000   Number         0  stm32f10x_can.o ABSOLUTE
    ..\..\Libraries\FWlib\src\stm32f10x_cec.c 0x00000000   Number         0  stm32f10x_cec.o ABSOLUTE
    ..\..\Libraries\FWlib\src\stm32f10x_crc.c 0x00000000   Number         0  stm32f10x_crc.o ABSOLUTE
    ..\..\Libraries\FWlib\src\stm32f10x_dac.c 0x00000000   Number         0  stm32f10x_dac.o ABSOLUTE
    ..\..\Libraries\FWlib\src\stm32f10x_dbgmcu.c 0x00000000   Number         0  stm32f10x_dbgmcu.o ABSOLUTE
    ..\..\Libraries\FWlib\src\stm32f10x_dma.c 0x00000000   Number         0  stm32f10x_dma.o ABSOLUTE
    ..\..\Libraries\FWlib\src\stm32f10x_exti.c 0x00000000   Number         0  stm32f10x_exti.o ABSOLUTE
    ..\..\Libraries\FWlib\src\stm32f10x_flash.c 0x00000000   Number         0  stm32f10x_flash.o ABSOLUTE
    ..\..\Libraries\FWlib\src\stm32f10x_fsmc.c 0x00000000   Number         0  stm32f10x_fsmc.o ABSOLUTE
    ..\..\Libraries\FWlib\src\stm32f10x_gpio.c 0x00000000   Number         0  stm32f10x_gpio.o ABSOLUTE
    ..\..\Libraries\FWlib\src\stm32f10x_i2c.c 0x00000000   Number         0  stm32f10x_i2c.o ABSOLUTE
    ..\..\Libraries\FWlib\src\stm32f10x_iwdg.c 0x00000000   Number         0  stm32f10x_iwdg.o ABSOLUTE
    ..\..\Libraries\FWlib\src\stm32f10x_pwr.c 0x00000000   Number         0  stm32f10x_pwr.o ABSOLUTE
    ..\..\Libraries\FWlib\src\stm32f10x_rcc.c 0x00000000   Number         0  stm32f10x_rcc.o ABSOLUTE
    ..\..\Libraries\FWlib\src\stm32f10x_rtc.c 0x00000000   Number         0  stm32f10x_rtc.o ABSOLUTE
    ..\..\Libraries\FWlib\src\stm32f10x_sdio.c 0x00000000   Number         0  stm32f10x_sdio.o ABSOLUTE
    ..\..\Libraries\FWlib\src\stm32f10x_spi.c 0x00000000   Number         0  stm32f10x_spi.o ABSOLUTE
    ..\..\Libraries\FWlib\src\stm32f10x_tim.c 0x00000000   Number         0  stm32f10x_tim.o ABSOLUTE
    ..\..\Libraries\FWlib\src\stm32f10x_usart.c 0x00000000   Number         0  stm32f10x_usart.o ABSOLUTE
    ..\..\Libraries\FWlib\src\stm32f10x_wwdg.c 0x00000000   Number         0  stm32f10x_wwdg.o ABSOLUTE
    ..\..\User\adc\bsp_adc.c                 0x00000000   Number         0  bsp_adc.o ABSOLUTE
    ..\..\User\bsp_SysTick.c                 0x00000000   Number         0  bsp_systick.o ABSOLUTE
    ..\..\User\bsp_charge.c                  0x00000000   Number         0  bsp_charge.o ABSOLUTE
    ..\..\User\bsp_dac.c                     0x00000000   Number         0  bsp_dac.o ABSOLUTE
    ..\..\User\bsp_led1.c                    0x00000000   Number         0  bsp_led1.o ABSOLUTE
    ..\..\User\bsp_sw.c                      0x00000000   Number         0  bsp_sw.o ABSOLUTE
    ..\..\User\can.c                         0x00000000   Number         0  can.o ABSOLUTE
    ..\..\User\main.c                        0x00000000   Number         0  main.o ABSOLUTE
    ..\..\User\stm32f10x_it.c                0x00000000   Number         0  stm32f10x_it.o ABSOLUTE
    ..\..\User\usart\bsp_usart1.c            0x00000000   Number         0  bsp_usart1.o ABSOLUTE
    ..\\..\\Libraries\\CMSIS\\core_cm3.c     0x00000000   Number         0  core_cm3.o ABSOLUTE
    dc.s                                     0x00000000   Number         0  dc.o ABSOLUTE
    handlers.s                               0x00000000   Number         0  handlers.o ABSOLUTE
    init.s                                   0x00000000   Number         0  init.o ABSOLUTE
    RESET                                    0x08000000   Section      304  startup_stm32f10x_hd.o(RESET)
    .ARM.Collect$$$$00000000                 0x08000130   Section        0  entry.o(.ARM.Collect$$$$00000000)
    .ARM.Collect$$$$00000001                 0x08000130   Section        4  entry2.o(.ARM.Collect$$$$00000001)
    .ARM.Collect$$$$00000004                 0x08000134   Section        4  entry5.o(.ARM.Collect$$$$00000004)
    .ARM.Collect$$$$00000008                 0x08000138   Section        0  entry7b.o(.ARM.Collect$$$$00000008)
    .ARM.Collect$$$$0000000A                 0x08000138   Section        0  entry8b.o(.ARM.Collect$$$$0000000A)
    .ARM.Collect$$$$0000000B                 0x08000138   Section        8  entry9a.o(.ARM.Collect$$$$0000000B)
    .ARM.Collect$$$$0000000D                 0x08000140   Section        0  entry10a.o(.ARM.Collect$$$$0000000D)
    .ARM.Collect$$$$0000000F                 0x08000140   Section        0  entry11a.o(.ARM.Collect$$$$0000000F)
    .ARM.Collect$$$$00002712                 0x08000140   Section        4  entry2.o(.ARM.Collect$$$$00002712)
    __lit__00000000                          0x08000140   Data           4  entry2.o(.ARM.Collect$$$$00002712)
    .text                                    0x08000144   Section       36  startup_stm32f10x_hd.o(.text)
    .text                                    0x08000168   Section        0  system_stm32f10x.o(.text)
    SetSysClockTo72                          0x08000169   Thumb Code   214  system_stm32f10x.o(.text)
    SetSysClock                              0x0800023f   Thumb Code     8  system_stm32f10x.o(.text)
    .text                                    0x08000348   Section        0  misc.o(.text)
    .text                                    0x08000424   Section        0  stm32f10x_adc.o(.text)
    .text                                    0x08000874   Section        0  stm32f10x_can.o(.text)
    CheckITStatus                            0x08001077   Thumb Code    18  stm32f10x_can.o(.text)
    .text                                    0x08001264   Section        0  stm32f10x_dac.o(.text)
    .text                                    0x080013f0   Section        0  stm32f10x_dma.o(.text)
    .text                                    0x08001644   Section        0  stm32f10x_gpio.o(.text)
    .text                                    0x080019a0   Section        0  stm32f10x_rcc.o(.text)
    .text                                    0x08001d44   Section        0  stm32f10x_usart.o(.text)
    .text                                    0x0800214c   Section        0  main.o(.text)
    .text                                    0x080023b4   Section        0  stm32f10x_it.o(.text)
    .text                                    0x08002444   Section        0  bsp_usart1.o(.text)
    .text                                    0x08002500   Section        0  bsp_adc.o(.text)
    ADCx_Mode_Config                         0x08002521   Thumb Code   226  bsp_adc.o(.text)
    .text                                    0x08002c0c   Section        0  bsp_dac.o(.text)
    DAC_Config                               0x08002c0d   Thumb Code    70  bsp_dac.o(.text)
    .text                                    0x08002c74   Section        0  bsp_led1.o(.text)
    BSP_LED_GPIO_Config                      0x08002c75   Thumb Code    92  bsp_led1.o(.text)
    .text                                    0x08002ce4   Section        0  bsp_sw.o(.text)
    .text                                    0x08002d8c   Section        0  bsp_systick.o(.text)
    .text                                    0x08002e40   Section        0  can.o(.text)
    CAN_GPIO_Config                          0x08002e41   Thumb Code    86  can.o(.text)
    CAN_NVIC_Config                          0x08002e97   Thumb Code    40  can.o(.text)
    CAN_Mode_Config                          0x08002ebf   Thumb Code    82  can.o(.text)
    CAN_Filter_Config                        0x08002f11   Thumb Code    48  can.o(.text)
    .text                                    0x08002fc0   Section        0  fdiv.o(.text)
    .text                                    0x0800303c   Section        0  fflti.o(.text)
    .text                                    0x0800304e   Section        0  ffltui.o(.text)
    .text                                    0x08003058   Section        0  ffixui.o(.text)
    .text                                    0x08003080   Section        0  iusefp.o(.text)
    .text                                    0x08003080   Section        0  fepilogue.o(.text)
    .text                                    0x080030f0   Section       36  init.o(.text)
    i.__scatterload_copy                     0x08003114   Section       14  handlers.o(i.__scatterload_copy)
    i.__scatterload_null                     0x08003122   Section        2  handlers.o(i.__scatterload_null)
    i.__scatterload_zeroinit                 0x08003124   Section       14  handlers.o(i.__scatterload_zeroinit)
    .data                                    0x20000000   Section       20  system_stm32f10x.o(.data)
    .data                                    0x20000014   Section       20  stm32f10x_rcc.o(.data)
    APBAHBPrescTable                         0x20000014   Data          16  stm32f10x_rcc.o(.data)
    ADCPrescTable                            0x20000024   Data           4  stm32f10x_rcc.o(.data)
    .data                                    0x20000028   Section       20  main.o(.data)
    .data                                    0x2000003c   Section       32  bsp_adc.o(.data)
    .data                                    0x2000005c   Section        4  bsp_systick.o(.data)
    TimingDelay                              0x2000005c   Data           4  bsp_systick.o(.data)
    .bss                                     0x20000060   Section       72  main.o(.bss)
    .bss                                     0x200000a8   Section      440  bsp_adc.o(.bss)
    STACK                                    0x20000260   Section     1024  startup_stm32f10x_hd.o(STACK)

    Global Symbols

    Symbol Name                              Value     Ov Type        Size  Object(Section)

    BuildAttributes$$THM_ISAv4$P$D$K$B$S$PE$A:L22UL41UL21$X:L11$S22US41US21$IEEE1$IW$USESV6$~STKCKD$USESV7$~SHL$OTIME$ROPI$EBA8$MICROLIB$REQ8$PRES8$EABIv2 0x00000000   Number         0  anon$$obj.o ABSOLUTE
    __ARM_use_no_argv                        0x00000000   Number         0  main.o ABSOLUTE
    __cpp_initialize__aeabi_                  - Undefined Weak Reference
    __cxa_finalize                            - Undefined Weak Reference
    __decompress                              - Undefined Weak Reference
    _clock_init                               - Undefined Weak Reference
    _microlib_exit                            - Undefined Weak Reference
    __Vectors_Size                           0x00000130   Number         0  startup_stm32f10x_hd.o ABSOLUTE
    __Vectors                                0x08000000   Data           4  startup_stm32f10x_hd.o(RESET)
    __Vectors_End                            0x08000130   Data           0  startup_stm32f10x_hd.o(RESET)
    __main                                   0x08000131   Thumb Code     0  entry.o(.ARM.Collect$$$$00000000)
    _main_stk                                0x08000131   Thumb Code     0  entry2.o(.ARM.Collect$$$$00000001)
    _main_scatterload                        0x08000135   Thumb Code     0  entry5.o(.ARM.Collect$$$$00000004)
    __main_after_scatterload                 0x08000139   Thumb Code     0  entry5.o(.ARM.Collect$$$$00000004)
    _main_clock                              0x08000139   Thumb Code     0  entry7b.o(.ARM.Collect$$$$00000008)
    _main_cpp_init                           0x08000139   Thumb Code     0  entry8b.o(.ARM.Collect$$$$0000000A)
    _main_init                               0x08000139   Thumb Code     0  entry9a.o(.ARM.Collect$$$$0000000B)
    __rt_final_cpp                           0x08000141   Thumb Code     0  entry10a.o(.ARM.Collect$$$$0000000D)
    __rt_final_exit                          0x08000141   Thumb Code     0  entry11a.o(.ARM.Collect$$$$0000000F)
    Reset_Handler                            0x08000145   Thumb Code     8  startup_stm32f10x_hd.o(.text)
    ADC1_2_IRQHandler                        0x0800015f   Thumb Code     0  startup_stm32f10x_hd.o(.text)
    ADC3_IRQHandler                          0x0800015f   Thumb Code     0  startup_stm32f10x_hd.o(.text)
    CAN1_RX1_IRQHandler                      0x0800015f   Thumb Code     0  startup_stm32f10x_hd.o(.text)
    CAN1_SCE_IRQHandler                      0x0800015f   Thumb Code     0  startup_stm32f10x_hd.o(.text)
    DMA1_Channel1_IRQHandler                 0x0800015f   Thumb Code     0  startup_stm32f10x_hd.o(.text)
    DMA1_Channel2_IRQHandler                 0x0800015f   Thumb Code     0  startup_stm32f10x_hd.o(.text)
    DMA1_Channel3_IRQHandler                 0x0800015f   Thumb Code     0  startup_stm32f10x_hd.o(.text)
    DMA1_Channel4_IRQHandler                 0x0800015f   Thumb Code     0  startup_stm32f10x_hd.o(.text)
    DMA1_Channel5_IRQHandler                 0x0800015f   Thumb Code     0  startup_stm32f10x_hd.o(.text)
    DMA1_Channel6_IRQHandler                 0x0800015f   Thumb Code     0  startup_stm32f10x_hd.o(.text)
    DMA1_Channel7_IRQHandler                 0x0800015f   Thumb Code     0  startup_stm32f10x_hd.o(.text)
    DMA2_Channel1_IRQHandler                 0x0800015f   Thumb Code     0  startup_stm32f10x_hd.o(.text)
    DMA2_Channel2_IRQHandler                 0x0800015f   Thumb Code     0  startup_stm32f10x_hd.o(.text)
    DMA2_Channel3_IRQHandler                 0x0800015f   Thumb Code     0  startup_stm32f10x_hd.o(.text)
    DMA2_Channel4_5_IRQHandler               0x0800015f   Thumb Code     0  startup_stm32f10x_hd.o(.text)
    EXTI0_IRQHandler                         0x0800015f   Thumb Code     0  startup_stm32f10x_hd.o(.text)
    EXTI15_10_IRQHandler                     0x0800015f   Thumb Code     0  startup_stm32f10x_hd.o(.text)
    EXTI1_IRQHandler                         0x0800015f   Thumb Code     0  startup_stm32f10x_hd.o(.text)
    EXTI2_IRQHandler                         0x0800015f   Thumb Code     0  startup_stm32f10x_hd.o(.text)
    EXTI3_IRQHandler                         0x0800015f   Thumb Code     0  startup_stm32f10x_hd.o(.text)
    EXTI4_IRQHandler                         0x0800015f   Thumb Code     0  startup_stm32f10x_hd.o(.text)
    EXTI9_5_IRQHandler                       0x0800015f   Thumb Code     0  startup_stm32f10x_hd.o(.text)
    FLASH_IRQHandler                         0x0800015f   Thumb Code     0  startup_stm32f10x_hd.o(.text)
    FSMC_IRQHandler                          0x0800015f   Thumb Code     0  startup_stm32f10x_hd.o(.text)
    I2C1_ER_IRQHandler                       0x0800015f   Thumb Code     0  startup_stm32f10x_hd.o(.text)
    I2C1_EV_IRQHandler                       0x0800015f   Thumb Code     0  startup_stm32f10x_hd.o(.text)
    I2C2_ER_IRQHandler                       0x0800015f   Thumb Code     0  startup_stm32f10x_hd.o(.text)
    I2C2_EV_IRQHandler                       0x0800015f   Thumb Code     0  startup_stm32f10x_hd.o(.text)
    PVD_IRQHandler                           0x0800015f   Thumb Code     0  startup_stm32f10x_hd.o(.text)
    RCC_IRQHandler                           0x0800015f   Thumb Code     0  startup_stm32f10x_hd.o(.text)
    RTCAlarm_IRQHandler                      0x0800015f   Thumb Code     0  startup_stm32f10x_hd.o(.text)
    RTC_IRQHandler                           0x0800015f   Thumb Code     0  startup_stm32f10x_hd.o(.text)
    SDIO_IRQHandler                          0x0800015f   Thumb Code     0  startup_stm32f10x_hd.o(.text)
    SPI1_IRQHandler                          0x0800015f   Thumb Code     0  startup_stm32f10x_hd.o(.text)
    SPI2_IRQHandler                          0x0800015f   Thumb Code     0  startup_stm32f10x_hd.o(.text)
    SPI3_IRQHandler                          0x0800015f   Thumb Code     0  startup_stm32f10x_hd.o(.text)
    TAMPER_IRQHandler                        0x0800015f   Thumb Code     0  startup_stm32f10x_hd.o(.text)
    TIM1_BRK_IRQHandler                      0x0800015f   Thumb Code     0  startup_stm32f10x_hd.o(.text)
    TIM1_CC_IRQHandler                       0x0800015f   Thumb Code     0  startup_stm32f10x_hd.o(.text)
    TIM1_TRG_COM_IRQHandler                  0x0800015f   Thumb Code     0  startup_stm32f10x_hd.o(.text)
    TIM1_UP_IRQHandler                       0x0800015f   Thumb Code     0  startup_stm32f10x_hd.o(.text)
    TIM2_IRQHandler                          0x0800015f   Thumb Code     0  startup_stm32f10x_hd.o(.text)
    TIM3_IRQHandler                          0x0800015f   Thumb Code     0  startup_stm32f10x_hd.o(.text)
    TIM4_IRQHandler                          0x0800015f   Thumb Code     0  startup_stm32f10x_hd.o(.text)
    TIM5_IRQHandler                          0x0800015f   Thumb Code     0  startup_stm32f10x_hd.o(.text)
    TIM6_IRQHandler                          0x0800015f   Thumb Code     0  startup_stm32f10x_hd.o(.text)
    TIM7_IRQHandler                          0x0800015f   Thumb Code     0  startup_stm32f10x_hd.o(.text)
    TIM8_BRK_IRQHandler                      0x0800015f   Thumb Code     0  startup_stm32f10x_hd.o(.text)
    TIM8_CC_IRQHandler                       0x0800015f   Thumb Code     0  startup_stm32f10x_hd.o(.text)
    TIM8_TRG_COM_IRQHandler                  0x0800015f   Thumb Code     0  startup_stm32f10x_hd.o(.text)
    TIM8_UP_IRQHandler                       0x0800015f   Thumb Code     0  startup_stm32f10x_hd.o(.text)
    UART4_IRQHandler                         0x0800015f   Thumb Code     0  startup_stm32f10x_hd.o(.text)
    UART5_IRQHandler                         0x0800015f   Thumb Code     0  startup_stm32f10x_hd.o(.text)
    USART1_IRQHandler                        0x0800015f   Thumb Code     0  startup_stm32f10x_hd.o(.text)
    USART2_IRQHandler                        0x0800015f   Thumb Code     0  startup_stm32f10x_hd.o(.text)
    USART3_IRQHandler                        0x0800015f   Thumb Code     0  startup_stm32f10x_hd.o(.text)
    USBWakeUp_IRQHandler                     0x0800015f   Thumb Code     0  startup_stm32f10x_hd.o(.text)
    USB_HP_CAN1_TX_IRQHandler                0x0800015f   Thumb Code     0  startup_stm32f10x_hd.o(.text)
    WWDG_IRQHandler                          0x0800015f   Thumb Code     0  startup_stm32f10x_hd.o(.text)
    SystemInit                               0x08000247   Thumb Code    78  system_stm32f10x.o(.text)
    SystemCoreClockUpdate                    0x08000295   Thumb Code   142  system_stm32f10x.o(.text)
    NVIC_PriorityGroupConfig                 0x08000349   Thumb Code    10  misc.o(.text)
    NVIC_Init                                0x08000353   Thumb Code   100  misc.o(.text)
    NVIC_SetVectorTable                      0x080003b7   Thumb Code    14  misc.o(.text)
    NVIC_SystemLPConfig                      0x080003c5   Thumb Code    34  misc.o(.text)
    SysTick_CLKSourceConfig                  0x080003e7   Thumb Code    40  misc.o(.text)
    ADC_DeInit                               0x08000425   Thumb Code    78  stm32f10x_adc.o(.text)
    ADC_Init                                 0x08000473   Thumb Code    70  stm32f10x_adc.o(.text)
    ADC_StructInit                           0x080004b9   Thumb Code    18  stm32f10x_adc.o(.text)
    ADC_Cmd                                  0x080004cb   Thumb Code    22  stm32f10x_adc.o(.text)
    ADC_DMACmd                               0x080004e1   Thumb Code    22  stm32f10x_adc.o(.text)
    ADC_ITConfig                             0x080004f7   Thumb Code    24  stm32f10x_adc.o(.text)
    ADC_ResetCalibration                     0x0800050f   Thumb Code    10  stm32f10x_adc.o(.text)
    ADC_GetResetCalibrationStatus            0x08000519   Thumb Code    20  stm32f10x_adc.o(.text)
    ADC_StartCalibration                     0x0800052d   Thumb Code    10  stm32f10x_adc.o(.text)
    ADC_GetCalibrationStatus                 0x08000537   Thumb Code    20  stm32f10x_adc.o(.text)
    ADC_SoftwareStartConvCmd                 0x0800054b   Thumb Code    22  stm32f10x_adc.o(.text)
    ADC_GetSoftwareStartConvStatus           0x08000561   Thumb Code    20  stm32f10x_adc.o(.text)
    ADC_DiscModeChannelCountConfig           0x08000575   Thumb Code    24  stm32f10x_adc.o(.text)
    ADC_DiscModeCmd                          0x0800058d   Thumb Code    22  stm32f10x_adc.o(.text)
    ADC_RegularChannelConfig                 0x080005a3   Thumb Code   184  stm32f10x_adc.o(.text)
    ADC_ExternalTrigConvCmd                  0x0800065b   Thumb Code    22  stm32f10x_adc.o(.text)
    ADC_GetConversionValue                   0x08000671   Thumb Code     8  stm32f10x_adc.o(.text)
    ADC_GetDualModeConversionValue           0x08000679   Thumb Code     8  stm32f10x_adc.o(.text)
    ADC_AutoInjectedConvCmd                  0x08000681   Thumb Code    22  stm32f10x_adc.o(.text)
    ADC_InjectedDiscModeCmd                  0x08000697   Thumb Code    22  stm32f10x_adc.o(.text)
    ADC_ExternalTrigInjectedConvConfig       0x080006ad   Thumb Code    16  stm32f10x_adc.o(.text)
    ADC_ExternalTrigInjectedConvCmd          0x080006bd   Thumb Code    22  stm32f10x_adc.o(.text)
    ADC_SoftwareStartInjectedConvCmd         0x080006d3   Thumb Code    22  stm32f10x_adc.o(.text)
    ADC_GetSoftwareStartInjectedConvCmdStatus 0x080006e9   Thumb Code    20  stm32f10x_adc.o(.text)
    ADC_InjectedChannelConfig                0x080006fd   Thumb Code   130  stm32f10x_adc.o(.text)
    ADC_InjectedSequencerLengthConfig        0x0800077f   Thumb Code    24  stm32f10x_adc.o(.text)
    ADC_SetInjectedOffset                    0x08000797   Thumb Code    20  stm32f10x_adc.o(.text)
    ADC_GetInjectedConversionValue           0x080007ab   Thumb Code    28  stm32f10x_adc.o(.text)
    ADC_AnalogWatchdogCmd                    0x080007c7   Thumb Code    16  stm32f10x_adc.o(.text)
    ADC_AnalogWatchdogThresholdsConfig       0x080007d7   Thumb Code     6  stm32f10x_adc.o(.text)
    ADC_AnalogWatchdogSingleChannelConfig    0x080007dd   Thumb Code    16  stm32f10x_adc.o(.text)
    ADC_TempSensorVrefintCmd                 0x080007ed   Thumb Code    64  stm32f10x_adc.o(.text)
    ADC_GetFlagStatus                        0x0800082d   Thumb Code    18  stm32f10x_adc.o(.text)
    ADC_ClearFlag                            0x0800083f   Thumb Code     6  stm32f10x_adc.o(.text)
    ADC_GetITStatus                          0x08000845   Thumb Code    36  stm32f10x_adc.o(.text)
    ADC_ClearITPendingBit                    0x08000869   Thumb Code    10  stm32f10x_adc.o(.text)
    CAN_DeInit                               0x08000875   Thumb Code    50  stm32f10x_can.o(.text)
    CAN_Init                                 0x080008a7   Thumb Code   276  stm32f10x_can.o(.text)
    CAN_FilterInit                           0x080009bb   Thumb Code   258  stm32f10x_can.o(.text)
    CAN_StructInit                           0x08000abd   Thumb Code    32  stm32f10x_can.o(.text)
    CAN_SlaveStartBank                       0x08000add   Thumb Code    48  stm32f10x_can.o(.text)
    CAN_DBGFreeze                            0x08000b0d   Thumb Code    22  stm32f10x_can.o(.text)
    CAN_TTComModeCmd                         0x08000b23   Thumb Code   118  stm32f10x_can.o(.text)
    CAN_Transmit                             0x08000b99   Thumb Code   304  stm32f10x_can.o(.text)
    CAN_TransmitStatus                       0x08000cc9   Thumb Code   138  stm32f10x_can.o(.text)
    CAN_CancelTransmit                       0x08000d53   Thumb Code    48  stm32f10x_can.o(.text)
    CAN_Receive                              0x08000d83   Thumb Code   240  stm32f10x_can.o(.text)
    CAN_FIFORelease                          0x08000e73   Thumb Code    22  stm32f10x_can.o(.text)
    CAN_MessagePending                       0x08000e89   Thumb Code    30  stm32f10x_can.o(.text)
    CAN_OperatingModeRequest                 0x08000ea7   Thumb Code   162  stm32f10x_can.o(.text)
    CAN_Sleep                                0x08000f49   Thumb Code    30  stm32f10x_can.o(.text)
    CAN_WakeUp                               0x08000f67   Thumb Code    48  stm32f10x_can.o(.text)
    CAN_GetLastErrorCode                     0x08000f97   Thumb Code    12  stm32f10x_can.o(.text)
    CAN_GetReceiveErrorCounter               0x08000fa3   Thumb Code    10  stm32f10x_can.o(.text)
    CAN_GetLSBTransmitErrorCounter           0x08000fad   Thumb Code    12  stm32f10x_can.o(.text)
    CAN_ITConfig                             0x08000fb9   Thumb Code    18  stm32f10x_can.o(.text)
    CAN_GetFlagStatus                        0x08000fcb   Thumb Code   120  stm32f10x_can.o(.text)
    CAN_ClearFlag                            0x08001043   Thumb Code    52  stm32f10x_can.o(.text)
    CAN_GetITStatus                          0x08001089   Thumb Code   310  stm32f10x_can.o(.text)
    CAN_ClearITPendingBit                    0x080011bf   Thumb Code   162  stm32f10x_can.o(.text)
    DAC_DeInit                               0x08001265   Thumb Code    22  stm32f10x_dac.o(.text)
    DAC_Init                                 0x0800127b   Thumb Code    46  stm32f10x_dac.o(.text)
    DAC_StructInit                           0x080012a9   Thumb Code    12  stm32f10x_dac.o(.text)
    DAC_Cmd                                  0x080012b5   Thumb Code    34  stm32f10x_dac.o(.text)
    DAC_DMACmd                               0x080012d7   Thumb Code    38  stm32f10x_dac.o(.text)
    DAC_SoftwareTriggerCmd                   0x080012fd   Thumb Code    48  stm32f10x_dac.o(.text)
    DAC_DualSoftwareTriggerCmd               0x0800132d   Thumb Code    38  stm32f10x_dac.o(.text)
    DAC_WaveGenerationCmd                    0x08001353   Thumb Code    36  stm32f10x_dac.o(.text)
    DAC_SetChannel1Data                      0x08001377   Thumb Code    26  stm32f10x_dac.o(.text)
    DAC_SetChannel2Data                      0x08001391   Thumb Code    26  stm32f10x_dac.o(.text)
    DAC_SetDualChannelData                   0x080013ab   Thumb Code    32  stm32f10x_dac.o(.text)
    DAC_GetDataOutputValue                   0x080013cb   Thumb Code    32  stm32f10x_dac.o(.text)
    DMA_DeInit                               0x080013f1   Thumb Code   324  stm32f10x_dma.o(.text)
    DMA_Init                                 0x08001535   Thumb Code    60  stm32f10x_dma.o(.text)
    DMA_StructInit                           0x08001571   Thumb Code    26  stm32f10x_dma.o(.text)
    DMA_Cmd                                  0x0800158b   Thumb Code    24  stm32f10x_dma.o(.text)
    DMA_ITConfig                             0x080015a3   Thumb Code    18  stm32f10x_dma.o(.text)
    DMA_SetCurrDataCounter                   0x080015b5   Thumb Code     4  stm32f10x_dma.o(.text)
    DMA_GetCurrDataCounter                   0x080015b9   Thumb Code     8  stm32f10x_dma.o(.text)
    DMA_GetFlagStatus                        0x080015c1   Thumb Code    40  stm32f10x_dma.o(.text)
    DMA_ClearFlag                            0x080015e9   Thumb Code    22  stm32f10x_dma.o(.text)
    DMA_GetITStatus                          0x080015ff   Thumb Code    40  stm32f10x_dma.o(.text)
    DMA_ClearITPendingBit                    0x08001627   Thumb Code    22  stm32f10x_dma.o(.text)
    GPIO_DeInit                              0x08001645   Thumb Code   172  stm32f10x_gpio.o(.text)
    GPIO_AFIODeInit                          0x080016f1   Thumb Code    20  stm32f10x_gpio.o(.text)
    GPIO_Init                                0x08001705   Thumb Code   278  stm32f10x_gpio.o(.text)
    GPIO_StructInit                          0x0800181b   Thumb Code    16  stm32f10x_gpio.o(.text)
    GPIO_ReadInputDataBit                    0x0800182b   Thumb Code    18  stm32f10x_gpio.o(.text)
    GPIO_ReadInputData                       0x0800183d   Thumb Code     8  stm32f10x_gpio.o(.text)
    GPIO_ReadOutputDataBit                   0x08001845   Thumb Code    18  stm32f10x_gpio.o(.text)
    GPIO_ReadOutputData                      0x08001857   Thumb Code     8  stm32f10x_gpio.o(.text)
    GPIO_SetBits                             0x0800185f   Thumb Code     4  stm32f10x_gpio.o(.text)
    GPIO_ResetBits                           0x08001863   Thumb Code     4  stm32f10x_gpio.o(.text)
    GPIO_WriteBit                            0x08001867   Thumb Code    10  stm32f10x_gpio.o(.text)
    GPIO_Write                               0x08001871   Thumb Code     4  stm32f10x_gpio.o(.text)
    GPIO_PinLockConfig                       0x08001875   Thumb Code    18  stm32f10x_gpio.o(.text)
    GPIO_EventOutputConfig                   0x08001887   Thumb Code    26  stm32f10x_gpio.o(.text)
    GPIO_EventOutputCmd                      0x080018a1   Thumb Code     6  stm32f10x_gpio.o(.text)
    GPIO_PinRemapConfig                      0x080018a7   Thumb Code   138  stm32f10x_gpio.o(.text)
    GPIO_EXTILineConfig                      0x08001931   Thumb Code    66  stm32f10x_gpio.o(.text)
    GPIO_ETH_MediaInterfaceConfig            0x08001973   Thumb Code     8  stm32f10x_gpio.o(.text)
    RCC_DeInit                               0x080019a1   Thumb Code    64  stm32f10x_rcc.o(.text)
    RCC_HSEConfig                            0x080019e1   Thumb Code    70  stm32f10x_rcc.o(.text)
    RCC_GetFlagStatus                        0x08001a27   Thumb Code    56  stm32f10x_rcc.o(.text)
    RCC_WaitForHSEStartUp                    0x08001a5f   Thumb Code    56  stm32f10x_rcc.o(.text)
    RCC_AdjustHSICalibrationValue            0x08001a97   Thumb Code    20  stm32f10x_rcc.o(.text)
    RCC_HSICmd                               0x08001aab   Thumb Code     6  stm32f10x_rcc.o(.text)
    RCC_PLLConfig                            0x08001ab1   Thumb Code    24  stm32f10x_rcc.o(.text)
    RCC_PLLCmd                               0x08001ac9   Thumb Code     6  stm32f10x_rcc.o(.text)
    RCC_SYSCLKConfig                         0x08001acf   Thumb Code    18  stm32f10x_rcc.o(.text)
    RCC_GetSYSCLKSource                      0x08001ae1   Thumb Code    10  stm32f10x_rcc.o(.text)
    RCC_HCLKConfig                           0x08001aeb   Thumb Code    18  stm32f10x_rcc.o(.text)
    RCC_PCLK1Config                          0x08001afd   Thumb Code    18  stm32f10x_rcc.o(.text)
    RCC_PCLK2Config                          0x08001b0f   Thumb Code    20  stm32f10x_rcc.o(.text)
    RCC_ITConfig                             0x08001b23   Thumb Code    26  stm32f10x_rcc.o(.text)
    RCC_USBCLKConfig                         0x08001b3d   Thumb Code     8  stm32f10x_rcc.o(.text)
    RCC_ADCCLKConfig                         0x08001b45   Thumb Code    18  stm32f10x_rcc.o(.text)
    RCC_LSEConfig                            0x08001b57   Thumb Code    50  stm32f10x_rcc.o(.text)
    RCC_LSICmd                               0x08001b89   Thumb Code     6  stm32f10x_rcc.o(.text)
    RCC_RTCCLKConfig                         0x08001b8f   Thumb Code    12  stm32f10x_rcc.o(.text)
    RCC_RTCCLKCmd                            0x08001b9b   Thumb Code     8  stm32f10x_rcc.o(.text)
    RCC_GetClocksFreq                        0x08001ba3   Thumb Code   192  stm32f10x_rcc.o(.text)
    RCC_AHBPeriphClockCmd                    0x08001c63   Thumb Code    26  stm32f10x_rcc.o(.text)
    RCC_APB2PeriphClockCmd                   0x08001c7d   Thumb Code    26  stm32f10x_rcc.o(.text)
    RCC_APB1PeriphClockCmd                   0x08001c97   Thumb Code    26  stm32f10x_rcc.o(.text)
    RCC_APB2PeriphResetCmd                   0x08001cb1   Thumb Code    26  stm32f10x_rcc.o(.text)
    RCC_APB1PeriphResetCmd                   0x08001ccb   Thumb Code    26  stm32f10x_rcc.o(.text)
    RCC_BackupResetCmd                       0x08001ce5   Thumb Code     8  stm32f10x_rcc.o(.text)
    RCC_ClockSecuritySystemCmd               0x08001ced   Thumb Code     6  stm32f10x_rcc.o(.text)
    RCC_MCOConfig                            0x08001cf3   Thumb Code     6  stm32f10x_rcc.o(.text)
    RCC_ClearFlag                            0x08001cf9   Thumb Code    14  stm32f10x_rcc.o(.text)
    RCC_GetITStatus                          0x08001d07   Thumb Code    20  stm32f10x_rcc.o(.text)
    RCC_ClearITPendingBit                    0x08001d1b   Thumb Code     6  stm32f10x_rcc.o(.text)
    USART_DeInit                             0x08001d45   Thumb Code   134  stm32f10x_usart.o(.text)
    USART_Init                               0x08001dcb   Thumb Code   210  stm32f10x_usart.o(.text)
    USART_StructInit                         0x08001e9d   Thumb Code    24  stm32f10x_usart.o(.text)
    USART_ClockInit                          0x08001eb5   Thumb Code    34  stm32f10x_usart.o(.text)
    USART_ClockStructInit                    0x08001ed7   Thumb Code    12  stm32f10x_usart.o(.text)
    USART_Cmd                                0x08001ee3   Thumb Code    24  stm32f10x_usart.o(.text)
    USART_ITConfig                           0x08001efb   Thumb Code    74  stm32f10x_usart.o(.text)
    USART_DMACmd                             0x08001f45   Thumb Code    18  stm32f10x_usart.o(.text)
    USART_SetAddress                         0x08001f57   Thumb Code    18  stm32f10x_usart.o(.text)
    USART_WakeUpConfig                       0x08001f69   Thumb Code    18  stm32f10x_usart.o(.text)
    USART_ReceiverWakeUpCmd                  0x08001f7b   Thumb Code    24  stm32f10x_usart.o(.text)
    USART_LINBreakDetectLengthConfig         0x08001f93   Thumb Code    18  stm32f10x_usart.o(.text)
    USART_LINCmd                             0x08001fa5   Thumb Code    24  stm32f10x_usart.o(.text)
    USART_SendData                           0x08001fbd   Thumb Code     8  stm32f10x_usart.o(.text)
    USART_ReceiveData                        0x08001fc5   Thumb Code    10  stm32f10x_usart.o(.text)
    USART_SendBreak                          0x08001fcf   Thumb Code    10  stm32f10x_usart.o(.text)
    USART_SetGuardTime                       0x08001fd9   Thumb Code    16  stm32f10x_usart.o(.text)
    USART_SetPrescaler                       0x08001fe9   Thumb Code    16  stm32f10x_usart.o(.text)
    USART_SmartCardCmd                       0x08001ff9   Thumb Code    24  stm32f10x_usart.o(.text)
    USART_SmartCardNACKCmd                   0x08002011   Thumb Code    24  stm32f10x_usart.o(.text)
    USART_HalfDuplexCmd                      0x08002029   Thumb Code    24  stm32f10x_usart.o(.text)
    USART_OverSampling8Cmd                   0x08002041   Thumb Code    22  stm32f10x_usart.o(.text)
    USART_OneBitMethodCmd                    0x08002057   Thumb Code    24  stm32f10x_usart.o(.text)
    USART_IrDAConfig                         0x0800206f   Thumb Code    18  stm32f10x_usart.o(.text)
    USART_IrDACmd                            0x08002081   Thumb Code    24  stm32f10x_usart.o(.text)
    USART_GetFlagStatus                      0x08002099   Thumb Code    26  stm32f10x_usart.o(.text)
    USART_ClearFlag                          0x080020b3   Thumb Code    18  stm32f10x_usart.o(.text)
    USART_GetITStatus                        0x080020c5   Thumb Code    84  stm32f10x_usart.o(.text)
    USART_ClearITPendingBit                  0x08002119   Thumb Code    52  stm32f10x_usart.o(.text)
    Delay                                    0x0800214d   Thumb Code    18  main.o(.text)
    main                                     0x0800215f   Thumb Code   536  main.o(.text)
    USB_LP_CAN1_RX0_IRQHandler               0x080023b5   Thumb Code   100  stm32f10x_it.o(.text)
    NMI_Handler                              0x08002419   Thumb Code     2  stm32f10x_it.o(.text)
    HardFault_Handler                        0x0800241b   Thumb Code     4  stm32f10x_it.o(.text)
    MemManage_Handler                        0x0800241f   Thumb Code     4  stm32f10x_it.o(.text)
    BusFault_Handler                         0x08002423   Thumb Code     4  stm32f10x_it.o(.text)
    UsageFault_Handler                       0x08002427   Thumb Code     4  stm32f10x_it.o(.text)
    SVC_Handler                              0x0800242b   Thumb Code     2  stm32f10x_it.o(.text)
    DebugMon_Handler                         0x0800242d   Thumb Code     2  stm32f10x_it.o(.text)
    PendSV_Handler                           0x0800242f   Thumb Code     2  stm32f10x_it.o(.text)
    SysTick_Handler                          0x08002431   Thumb Code     8  stm32f10x_it.o(.text)
    USARTx_Config                            0x08002445   Thumb Code   120  bsp_usart1.o(.text)
    fputc                                    0x080024bd   Thumb Code    32  bsp_usart1.o(.text)
    fgetc                                    0x080024dd   Thumb Code    26  bsp_usart1.o(.text)
    ADCx_GPIO_Config                         0x08002501   Thumb Code    32  bsp_adc.o(.text)
    ADCx_Init                                0x08002603   Thumb Code    12  bsp_adc.o(.text)
    ADC_test                                 0x0800260f   Thumb Code   210  bsp_adc.o(.text)
    ADC_test_return                          0x080026e1   Thumb Code   168  bsp_adc.o(.text)
    BAT1_ADC_U_Three                         0x08002789   Thumb Code   332  bsp_adc.o(.text)
    BAT1_ADC_U_Three2                        0x080028d5   Thumb Code   400  bsp_adc.o(.text)
    BAT1_ADC_U_Two                           0x08002a65   Thumb Code   370  bsp_adc.o(.text)
    DAC_Output                               0x08002c53   Thumb Code    14  bsp_dac.o(.text)
    DAC_Mode_Init                            0x08002c61   Thumb Code    14  bsp_dac.o(.text)
    BSP_LED_Init                             0x08002cd1   Thumb Code     8  bsp_led1.o(.text)
    BAT_SW_GPIO_Config                       0x08002ce5   Thumb Code   160  bsp_sw.o(.text)
    SysTick_Init                             0x08002d8d   Thumb Code   106  bsp_systick.o(.text)
    Delay_us                                 0x08002df7   Thumb Code    36  bsp_systick.o(.text)
    TimingDelay_Decrement                    0x08002e1b   Thumb Code    18  bsp_systick.o(.text)
    CAN_Config                               0x08002f41   Thumb Code    20  can.o(.text)
    CAN_SetMsg                               0x08002f55   Thumb Code    40  can.o(.text)
    CAN_SetData                              0x08002f7d   Thumb Code    54  can.o(.text)
    __aeabi_fdiv                             0x08002fc1   Thumb Code   124  fdiv.o(.text)
    __aeabi_i2f                              0x0800303d   Thumb Code    18  fflti.o(.text)
    __aeabi_ui2f                             0x0800304f   Thumb Code    10  ffltui.o(.text)
    __aeabi_f2uiz                            0x08003059   Thumb Code    40  ffixui.o(.text)
    __I$use$fp                               0x08003081   Thumb Code     0  iusefp.o(.text)
    _float_round                             0x08003081   Thumb Code    18  fepilogue.o(.text)
    _float_epilogue                          0x08003093   Thumb Code    92  fepilogue.o(.text)
    __scatterload                            0x080030f1   Thumb Code    28  init.o(.text)
    __scatterload_rt2                        0x080030f1   Thumb Code     0  init.o(.text)
    __scatterload_copy                       0x08003115   Thumb Code    14  handlers.o(i.__scatterload_copy)
    __scatterload_null                       0x08003123   Thumb Code     2  handlers.o(i.__scatterload_null)
    __scatterload_zeroinit                   0x08003125   Thumb Code    14  handlers.o(i.__scatterload_zeroinit)
    Region$$Table$$Base                      0x08003134   Number         0  anon$$obj.o(Region$$Table)
    Region$$Table$$Limit                     0x08003154   Number         0  anon$$obj.o(Region$$Table)
    SystemCoreClock                          0x20000000   Data           4  system_stm32f10x.o(.data)
    AHBPrescTable                            0x20000004   Data          16  system_stm32f10x.o(.data)
    flag                                     0x20000028   Data           4  main.o(.data)
    Bat1V1                                   0x2000002c   Data           4  main.o(.data)
    Bat1V2                                   0x20000030   Data           4  main.o(.data)
    Bat1V3                                   0x20000034   Data           4  main.o(.data)
    Bat1Vt                                   0x20000038   Data           4  main.o(.data)
    BAT1_ADC_Val1                            0x2000003c   Data           4  bsp_adc.o(.data)
    BAT1_ADC_Val2                            0x20000040   Data           4  bsp_adc.o(.data)
    BAT1_ADC_Val3                            0x20000044   Data           4  bsp_adc.o(.data)
    BAT1_ADC_Valt                            0x20000048   Data           4  bsp_adc.o(.data)
    ntimes1                                  0x2000004c   Data           4  bsp_adc.o(.data)
    ntimes2                                  0x20000050   Data           4  bsp_adc.o(.data)
    ntimes3                                  0x20000054   Data           4  bsp_adc.o(.data)
    flag1                                    0x20000058   Data           4  bsp_adc.o(.data)
    TxMessage                                0x20000060   Data          20  main.o(.bss)
    RxMessage                                0x20000074   Data          20  main.o(.bss)
    data1                                    0x20000088   Data          32  main.o(.bss)
    ADC_ConvertedValue                       0x200000a8   Data          40  bsp_adc.o(.bss)
    ADC_ConvertedValueLocal1                 0x200000d0   Data          80  bsp_adc.o(.bss)
    ADC_ConvertedValueLocal2                 0x20000120   Data          80  bsp_adc.o(.bss)
    ADC_ConvertedValueLocal3                 0x20000170   Data          80  bsp_adc.o(.bss)
    ADC_ConvertedValueLocalt                 0x200001c0   Data          80  bsp_adc.o(.bss)
    ADC_ConvertedValueLocalt2                0x20000210   Data          80  bsp_adc.o(.bss)
    __initial_sp                             0x20000660   Data           0  startup_stm32f10x_hd.o(STACK)



==============================================================================

Memory Map of the image

  Image Entry point : 0x08000131

  Load Region LR_IROM1 (Base: 0x08000000, Size: 0x000031b4, Max: 0x00080000, ABSOLUTE)

    Execution Region ER_IROM1 (Exec base: 0x08000000, Load base: 0x08000000, Size: 0x00003154, Max: 0x00080000, ABSOLUTE)

    Exec Addr    Load Addr    Size         Type   Attr      Idx    E Section Name        Object

    0x08000000   0x08000000   0x00000130   Data   RO            3    RESET               startup_stm32f10x_hd.o
    0x08000130   0x08000130   0x00000000   Code   RO          571  * .ARM.Collect$$$$00000000  mc_w.l(entry.o)
    0x08000130   0x08000130   0x00000004   Code   RO          582    .ARM.Collect$$$$00000001  mc_w.l(entry2.o)
    0x08000134   0x08000134   0x00000004   Code   RO          585    .ARM.Collect$$$$00000004  mc_w.l(entry5.o)
    0x08000138   0x08000138   0x00000000   Code   RO          587    .ARM.Collect$$$$00000008  mc_w.l(entry7b.o)
    0x08000138   0x08000138   0x00000000   Code   RO          589    .ARM.Collect$$$$0000000A  mc_w.l(entry8b.o)
    0x08000138   0x08000138   0x00000008   Code   RO          590    .ARM.Collect$$$$0000000B  mc_w.l(entry9a.o)
    0x08000140   0x08000140   0x00000000   Code   RO          592    .ARM.Collect$$$$0000000D  mc_w.l(entry10a.o)
    0x08000140   0x08000140   0x00000000   Code   RO          594    .ARM.Collect$$$$0000000F  mc_w.l(entry11a.o)
    0x08000140   0x08000140   0x00000004   Code   RO          583    .ARM.Collect$$$$00002712  mc_w.l(entry2.o)
    0x08000144   0x08000144   0x00000024   Code   RO            4    .text               startup_stm32f10x_hd.o
    0x08000168   0x08000168   0x000001e0   Code   RO           24    .text               system_stm32f10x.o
    0x08000348   0x08000348   0x000000dc   Code   RO          121    .text               misc.o
    0x08000424   0x08000424   0x0000044e   Code   RO          137    .text               stm32f10x_adc.o
    0x08000872   0x08000872   0x00000002   PAD
    0x08000874   0x08000874   0x000009f0   Code   RO          161    .text               stm32f10x_can.o
    0x08001264   0x08001264   0x0000018c   Code   RO          197    .text               stm32f10x_dac.o
    0x080013f0   0x080013f0   0x00000254   Code   RO          221    .text               stm32f10x_dma.o
    0x08001644   0x08001644   0x0000035c   Code   RO          269    .text               stm32f10x_gpio.o
    0x080019a0   0x080019a0   0x000003a4   Code   RO          317    .text               stm32f10x_rcc.o
    0x08001d44   0x08001d44   0x00000408   Code   RO          379    .text               stm32f10x_usart.o
    0x0800214c   0x0800214c   0x00000268   Code   RO          403    .text               main.o
    0x080023b4   0x080023b4   0x00000090   Code   RO          445    .text               stm32f10x_it.o
    0x08002444   0x08002444   0x000000bc   Code   RO          461    .text               bsp_usart1.o
    0x08002500   0x08002500   0x0000070c   Code   RO          473    .text               bsp_adc.o
    0x08002c0c   0x08002c0c   0x00000068   Code   RO          504    .text               bsp_dac.o
    0x08002c74   0x08002c74   0x00000070   Code   RO          516    .text               bsp_led1.o
    0x08002ce4   0x08002ce4   0x000000a8   Code   RO          528    .text               bsp_sw.o
    0x08002d8c   0x08002d8c   0x000000b4   Code   RO          540    .text               bsp_systick.o
    0x08002e40   0x08002e40   0x00000180   Code   RO          558    .text               can.o
    0x08002fc0   0x08002fc0   0x0000007c   Code   RO          574    .text               mf_w.l(fdiv.o)
    0x0800303c   0x0800303c   0x00000012   Code   RO          576    .text               mf_w.l(fflti.o)
    0x0800304e   0x0800304e   0x0000000a   Code   RO          578    .text               mf_w.l(ffltui.o)
    0x08003058   0x08003058   0x00000028   Code   RO          580    .text               mf_w.l(ffixui.o)
    0x08003080   0x08003080   0x00000000   Code   RO          596    .text               mc_w.l(iusefp.o)
    0x08003080   0x08003080   0x0000006e   Code   RO          597    .text               mf_w.l(fepilogue.o)
    0x080030ee   0x080030ee   0x00000002   PAD
    0x080030f0   0x080030f0   0x00000024   Code   RO          599    .text               mc_w.l(init.o)
    0x08003114   0x08003114   0x0000000e   Code   RO          603    i.__scatterload_copy  mc_w.l(handlers.o)
    0x08003122   0x08003122   0x00000002   Code   RO          604    i.__scatterload_null  mc_w.l(handlers.o)
    0x08003124   0x08003124   0x0000000e   Code   RO          605    i.__scatterload_zeroinit  mc_w.l(handlers.o)
    0x08003132   0x08003132   0x00000002   PAD
    0x08003134   0x08003134   0x00000020   Data   RO          601    Region$$Table       anon$$obj.o


    Execution Region RW_IRAM1 (Exec base: 0x20000000, Load base: 0x08003154, Size: 0x00000660, Max: 0x00010000, ABSOLUTE)

    Exec Addr    Load Addr    Size         Type   Attr      Idx    E Section Name        Object

    0x20000000   0x08003154   0x00000014   Data   RW           25    .data               system_stm32f10x.o
    0x20000014   0x08003168   0x00000014   Data   RW          318    .data               stm32f10x_rcc.o
    0x20000028   0x0800317c   0x00000014   Data   RW          405    .data               main.o
    0x2000003c   0x08003190   0x00000020   Data   RW          475    .data               bsp_adc.o
    0x2000005c   0x080031b0   0x00000004   Data   RW          541    .data               bsp_systick.o
    0x20000060        -       0x00000048   Zero   RW          404    .bss                main.o
    0x200000a8        -       0x000001b8   Zero   RW          474    .bss                bsp_adc.o
    0x20000260        -       0x00000400   Zero   RW            1    STACK               startup_stm32f10x_hd.o


==============================================================================

Image component sizes


      Code (inc. data)   RO Data    RW Data    ZI Data      Debug   Object Name

      1804        118          0         32        440       4445   bsp_adc.o
       104          6          0          0          0        851   bsp_dac.o
       112         12          0          0          0        659   bsp_led1.o
       168          8          0          0          0        581   bsp_sw.o
       180         20          0          4          0      16737   bsp_systick.o
       188         10          0          0          0       1044   bsp_usart1.o
       384         14          0          0          0       1716   can.o
         0          0          0          0          0       4508   core_cm3.o
       616         62          0         20         72       3425   main.o
       220         22          0          0          0       1861   misc.o
        36          8        304          0       1024        880   startup_stm32f10x_hd.o
      1102         26          0          0          0      11101   stm32f10x_adc.o
      2544         38          0          0          0       8088   stm32f10x_can.o
       396          6          0          0          0       3726   stm32f10x_dac.o
       596          8          0          0          0       4426   stm32f10x_dma.o
       860         38          0          0          0       5793   stm32f10x_gpio.o
       144         12          0          0          0       1517   stm32f10x_it.o
       932         36          0         20          0       9000   stm32f10x_rcc.o
      1032         22          0          0          0       8520   stm32f10x_usart.o
       480         38          0         20          0     262091   system_stm32f10x.o

    ----------------------------------------------------------------------
     11900        504        336         96       1536     350969   Object Totals
         0          0         32          0          0          0   (incl. Generated)
         2          0          0          0          0          0   (incl. Padding)

    ----------------------------------------------------------------------

      Code (inc. data)   RO Data    RW Data    ZI Data      Debug   Library Member Name

         0          0          0          0          0          0   entry.o
         0          0          0          0          0          0   entry10a.o
         0          0          0          0          0          0   entry11a.o
         8          4          0          0          0          0   entry2.o
         4          0          0          0          0          0   entry5.o
         0          0          0          0          0          0   entry7b.o
         0          0          0          0          0          0   entry8b.o
         8          4          0          0          0          0   entry9a.o
        30          0          0          0          0          0   handlers.o
        36          8          0          0          0         68   init.o
         0          0          0          0          0          0   iusefp.o
       124          0          0          0          0         88   fdiv.o
       110          0          0          0          0        168   fepilogue.o
        40          0          0          0          0         68   ffixui.o
        18          0          0          0          0         68   fflti.o
        10          0          0          0          0         68   ffltui.o

    ----------------------------------------------------------------------
       392         16          0          0          0        528   Library Totals
         4          0          0          0          0          0   (incl. Padding)

    ----------------------------------------------------------------------

      Code (inc. data)   RO Data    RW Data    ZI Data      Debug   Library Name

        86         16          0          0          0         68   mc_w.l
       302          0          0          0          0        460   mf_w.l

    ----------------------------------------------------------------------
       392         16          0          0          0        528   Library Totals

    ----------------------------------------------------------------------

==============================================================================


      Code (inc. data)   RO Data    RW Data    ZI Data      Debug   

     12292        520        336         96       1536     349725   Grand Totals
     12292        520        336         96       1536     349725   ELF Image Totals
     12292        520        336         96          0          0   ROM Totals

==============================================================================

    Total RO  Size (Code + RO Data)                12628 (  12.33kB)
    Total RW  Size (RW Data + ZI Data)              1632 (   1.59kB)
    Total ROM Size (Code + RO Data + RW Data)      12724 (  12.43kB)

==============================================================================

